Archive member included to satisfy reference by file (symbol)

c:/myprogram/rt_thread/env/tools/gnu_gcc/arm_gcc/mingw/bin/../lib/gcc/arm-none-eabi/5.4.1/armv7e-m/fpu\libgcc.a(_arm_addsubdf3.o)
                              build\kernel\components\libc\compilers\minilibc\math.o (__aeabi_dsub)
c:/myprogram/rt_thread/env/tools/gnu_gcc/arm_gcc/mingw/bin/../lib/gcc/arm-none-eabi/5.4.1/armv7e-m/fpu\libgcc.a(_arm_muldivdf3.o)
                              build\kernel\components\libc\compilers\minilibc\math.o (__aeabi_dmul)
c:/myprogram/rt_thread/env/tools/gnu_gcc/arm_gcc/mingw/bin/../lib/gcc/arm-none-eabi/5.4.1/armv7e-m/fpu\libgcc.a(_arm_fixdfsi.o)
                              build\kernel\components\libc\compilers\minilibc\math.o (__aeabi_d2iz)
c:/myprogram/rt_thread/env/tools/gnu_gcc/arm_gcc/mingw/bin/../lib/gcc/arm-none-eabi/5.4.1/armv7e-m/fpu\libgcc.a(_aeabi_uldivmod.o)
                              D:\IOT\rtthread-v4.0\rt-thread\bsp\stm32\libraries\STM32F4xx_HAL\STM32F4xx_HAL_Driver\Src\stm32f4xx_hal_rcc.o (__aeabi_uldivmod)
c:/myprogram/rt_thread/env/tools/gnu_gcc/arm_gcc/mingw/bin/../lib/gcc/arm-none-eabi/5.4.1/armv7e-m/fpu\libgcc.a(_udivmoddi4.o)
                              c:/myprogram/rt_thread/env/tools/gnu_gcc/arm_gcc/mingw/bin/../lib/gcc/arm-none-eabi/5.4.1/armv7e-m/fpu\libgcc.a(_aeabi_uldivmod.o) (__udivmoddi4)
c:/myprogram/rt_thread/env/tools/gnu_gcc/arm_gcc/mingw/bin/../lib/gcc/arm-none-eabi/5.4.1/armv7e-m/fpu\libgcc.a(_dvmd_tls.o)
                              c:/myprogram/rt_thread/env/tools/gnu_gcc/arm_gcc/mingw/bin/../lib/gcc/arm-none-eabi/5.4.1/armv7e-m/fpu\libgcc.a(_aeabi_uldivmod.o) (__aeabi_ldiv0)
c:/myprogram/rt_thread/env/tools/gnu_gcc/arm_gcc/mingw/bin/../lib/gcc/arm-none-eabi/5.4.1/../../../../arm-none-eabi/lib/armv7e-m/fpu\libc.a(lib_a-exit.o)
                              c:/myprogram/rt_thread/env/tools/gnu_gcc/arm_gcc/mingw/bin/../lib/gcc/arm-none-eabi/5.4.1/../../../../arm-none-eabi/lib/armv7e-m/fpu/crt0.o (exit)
c:/myprogram/rt_thread/env/tools/gnu_gcc/arm_gcc/mingw/bin/../lib/gcc/arm-none-eabi/5.4.1/../../../../arm-none-eabi/lib/armv7e-m/fpu\libc.a(lib_a-impure.o)
                              c:/myprogram/rt_thread/env/tools/gnu_gcc/arm_gcc/mingw/bin/../lib/gcc/arm-none-eabi/5.4.1/../../../../arm-none-eabi/lib/armv7e-m/fpu\libc.a(lib_a-exit.o) (_global_impure_ptr)
c:/myprogram/rt_thread/env/tools/gnu_gcc/arm_gcc/mingw/bin/../lib/gcc/arm-none-eabi/5.4.1/../../../../arm-none-eabi/lib/armv7e-m/fpu\libc.a(lib_a-init.o)
                              c:/myprogram/rt_thread/env/tools/gnu_gcc/arm_gcc/mingw/bin/../lib/gcc/arm-none-eabi/5.4.1/../../../../arm-none-eabi/lib/armv7e-m/fpu/crt0.o (__libc_init_array)
c:/myprogram/rt_thread/env/tools/gnu_gcc/arm_gcc/mingw/bin/../lib/gcc/arm-none-eabi/5.4.1/../../../../arm-none-eabi/lib/armv7e-m/fpu\libc.a(lib_a-__call_atexit.o)
                              c:/myprogram/rt_thread/env/tools/gnu_gcc/arm_gcc/mingw/bin/../lib/gcc/arm-none-eabi/5.4.1/../../../../arm-none-eabi/lib/armv7e-m/fpu\libc.a(lib_a-exit.o) (__call_exitprocs)
c:/myprogram/rt_thread/env/tools/gnu_gcc/arm_gcc/mingw/bin/../lib/gcc/arm-none-eabi/5.4.1/../../../../arm-none-eabi/lib/armv7e-m/fpu\libc.a(lib_a-atexit.o)
                              c:/myprogram/rt_thread/env/tools/gnu_gcc/arm_gcc/mingw/bin/../lib/gcc/arm-none-eabi/5.4.1/../../../../arm-none-eabi/lib/armv7e-m/fpu\libc.a(lib_a-__call_atexit.o) (atexit)
c:/myprogram/rt_thread/env/tools/gnu_gcc/arm_gcc/mingw/bin/../lib/gcc/arm-none-eabi/5.4.1/../../../../arm-none-eabi/lib/armv7e-m/fpu\libc.a(lib_a-fini.o)
                              c:/myprogram/rt_thread/env/tools/gnu_gcc/arm_gcc/mingw/bin/../lib/gcc/arm-none-eabi/5.4.1/../../../../arm-none-eabi/lib/armv7e-m/fpu\libc.a(lib_a-__call_atexit.o) (__libc_fini_array)
c:/myprogram/rt_thread/env/tools/gnu_gcc/arm_gcc/mingw/bin/../lib/gcc/arm-none-eabi/5.4.1/../../../../arm-none-eabi/lib/armv7e-m/fpu\libc.a(lib_a-__atexit.o)
                              c:/myprogram/rt_thread/env/tools/gnu_gcc/arm_gcc/mingw/bin/../lib/gcc/arm-none-eabi/5.4.1/../../../../arm-none-eabi/lib/armv7e-m/fpu\libc.a(lib_a-atexit.o) (__register_exitproc)

Allocating common symbols
Common symbol       size              file

rt_interrupt_to_thread
                    0x4               build\kernel\libcpu\arm\cortex-m4\cpuport.o
rt_interrupt_from_thread
                    0x4               build\kernel\libcpu\arm\cortex-m4\cpuport.o
shell               0x4               build\kernel\components\finsh\shell.o
rt_thread_switch_interrupt_flag
                    0x4               build\kernel\libcpu\arm\cortex-m4\cpuport.o
uwTick              0x4               D:\IOT\rtthread-v4.0\rt-thread\bsp\stm32\libraries\STM32F4xx_HAL\STM32F4xx_HAL_Driver\Src\stm32f4xx_hal.o
rt_thread_priority_table
                    0x100             build\kernel\src\scheduler.o
rt_object_put_hook  0x4               build\kernel\src\object.o
rt_current_priority
[...]
Memory Configuration

Name             Origin             Length             Attributes
CODE             0x08000000         0x00100000         xr
RAM1             0x20000000         0x00020000         rw
RAM2             0x10000000         0x00010000         rw
*default*        0x00000000         0xffffffff

Linker script and memory map

LOAD c:/myprogram/rt_thread/env/tools/gnu_gcc/arm_gcc/mingw/bin/../lib/gcc/arm-none-eabi/5.4.1/armv7e-m/fpu/crti.o
LOAD c:/myprogram/rt_thread/env/tools/gnu_gcc/arm_gcc/mingw/bin/../lib/gcc/arm-none-eabi/5.4.1/armv7e-m/fpu/crtbegin.o
LOAD c:/myprogram/rt_thread/env/tools/gnu_gcc/arm_gcc/mingw/bin/../lib/gcc/arm-none-eabi/5.4.1/../../../../arm-none-eabi/lib/armv7e-m/fpu/crt0.o
LOAD build\applications\main.o
LOAD build\board\board.o
LOAD build\board\CubeMX_Config\Src\stm32f4xx_hal_msp.o
LOAD D:\IOT\rtthread-v4.0\rt-thread\bsp\stm32\libraries\STM32F4xx_HAL\CMSIS\Device\ST\STM32F4xx\Source\Templates\gcc\startup_stm32f407xx.o
LOAD build\kernel\src\clock.o
LOAD build\kernel\src\components.o
LOAD build\kernel\src\device.o
LOAD build\kernel\src\idle.o
LOAD build\kernel\src\ipc.o
LOAD build\kernel\src\irq.o
LOAD build\kernel\src\kservice.o
LOAD build\kernel\src\mem.o
LOAD build\kernel\src\mempool.o
LOAD build\kernel\src\object.o
LOAD build\kernel\src\scheduler.o
LOAD build\kernel\src\signal.o
LOAD build\kernel\src\thread.o
LOAD build\kernel\src\timer.o
LOAD build\kernel\libcpu\arm\common\backtrace.o
LOAD build\kernel\libcpu\arm\common\div0.o
LOAD build\kernel\libcpu\arm\common\showmem.o
LOAD build\kernel\libcpu\arm\cortex-m4\cpuport.o
LOAD build\kernel\libcpu\arm\cortex-m4\context_gcc.o
LOAD build\kernel\components\drivers\misc\pin.o
LOAD build\kernel\components\drivers\serial\serial.o
LOAD build\kernel\components\drivers\src\completion.o
LOAD build\kernel\components\drivers\src\dataqueue.o
LOAD build\kernel\components\drivers\src\pipe.o
LOAD build\kernel\components\drivers\src\ringblk_buf.o
LOAD build\kernel\components\drivers\src\ringbuffer.o
LOAD build\kernel\components\drivers\src\waitqueue.o
LOAD build\kernel\components\drivers\src\workqueue.o
LOAD build\kernel\components\finsh\shell.o
LOAD build\kernel\components\finsh\cmd.o
LOAD build\kernel\components\finsh\msh.o
LOAD build\kernel\components\libc\compilers\minilibc\ctype.o
LOAD build\kernel\components\libc\compilers\minilibc\math.o
LOAD build\kernel\components\libc\compilers\minilibc\qsort.o
LOAD build\kernel\components\libc\compilers\minilibc\rand.o
LOAD build\kernel\components\libc\compilers\minilibc\stdlib.o
LOAD build\kernel\components\libc\compilers\minilibc\string.o
LOAD build\kernel\components\libc\compilers\minilibc\time.o
LOAD D:\IOT\rtthread-v4.0\rt-thread\bsp\stm32\libraries\STM32F4xx_HAL\CMSIS\Device\ST\STM32F4xx\Source\Templates\system_stm32f4xx.o
LOAD D:\IOT\rtthread-v4.0\rt-thread\bsp\stm32\libraries\STM32F4xx_HAL\STM32F4xx_HAL_Driver\Src\stm32f4xx_hal.o
LOAD D:\IOT\rtthread-v4.0\rt-thread\bsp\stm32\libraries\STM32F4xx_HAL\STM32F4xx_HAL_Driver\Src\stm32f4xx_hal_cec.o
LOAD D:\IOT\rtthread-v4.0\rt-thread\bsp\stm32\libraries\STM32F4xx_HAL\STM32F4xx_HAL_Driver\Src\stm32f4xx_hal_cortex.o
LOAD D:\IOT\rtthread-v4.0\rt-thread\bsp\stm32\libraries\STM32F4xx_HAL\STM32F4xx_HAL_Driver\Src\stm32f4xx_hal_crc.o
LOAD D:\IOT\rtthread-v4.0\rt-thread\bsp\stm32\libraries\STM32F4xx_HAL\STM32F4xx_HAL_Driver\Src\stm32f4xx_hal_cryp.o
LOAD D:\IOT\rtthread-v4.0\rt-thread\bsp\stm32\libraries\STM32F4xx_HAL\STM32F4xx_HAL_Driver\Src\stm32f4xx_hal_cryp_ex.o
LOAD D:\IOT\rtthread-v4.0\rt-thread\bsp\stm32\libraries\STM32F4xx_HAL\STM32F4xx_HAL_Driver\Src\stm32f4xx_hal_dma.o
LOAD D:\IOT\rtthread-v4.0\rt-thread\bsp\stm32\libraries\STM32F4xx_HAL\STM32F4xx_HAL_Driver\Src\stm32f4xx_hal_dma_ex.o
LOAD D:\IOT\rtthread-v4.0\rt-thread\bsp\stm32\libraries\STM32F4xx_HAL\STM32F4xx_HAL_Driver\Src\stm32f4xx_hal_pwr.o
LOAD D:\IOT\rtthread-v4.0\rt-thread\bsp\stm32\libraries\STM32F4xx_HAL\STM32F4xx_HAL_Driver\Src\stm32f4xx_hal_pwr_ex.o
LOAD D:\IOT\rtthread-v4.0\rt-thread\bsp\stm32\libraries\STM32F4xx_HAL\STM32F4xx_HAL_Driver\Src\stm32f4xx_hal_rcc.o
LOAD D:\IOT\rtthread-v4.0\rt-thread\bsp\stm32\libraries\STM32F4xx_HAL\STM32F4xx_HAL_Driver\Src\stm32f4xx_hal_rcc_ex.o
LOAD D:\IOT\rtthread-v4.0\rt-thread\bsp\stm32\libraries\STM32F4xx_HAL\STM32F4xx_HAL_Driver\Src\stm32f4xx_hal_rng.o
LOAD D:\IOT\rtthread-v4.0\rt-thread\bsp\stm32\libraries\STM32F4xx_HAL\STM32F4xx_HAL_Driver\Src\stm32f4xx_hal_gpio.o
LOAD D:\IOT\rtthread-v4.0\rt-thread\bsp\stm32\libraries\STM32F4xx_HAL\STM32F4xx_HAL_Driver\Src\stm32f4xx_hal_uart.o
LOAD D:\IOT\rtthread-v4.0\rt-thread\bsp\stm32\libraries\STM32F4xx_HAL\STM32F4xx_HAL_Driver\Src\stm32f4xx_hal_usart.o
LOAD D:\IOT\rtthread-v4.0\rt-thread\bsp\stm32\libraries\HAL_Drivers\drv_gpio.o
LOAD D:\IOT\rtthread-v4.0\rt-thread\bsp\stm32\libraries\HAL_Drivers\drv_usart.o
LOAD D:\IOT\rtthread-v4.0\rt-thread\bsp\stm32\libraries\HAL_Drivers\drv_common.o
START GROUP
LOAD c:/myprogram/rt_thread/env/tools/gnu_gcc/arm_gcc/mingw/bin/../lib/gcc/arm-none-eabi/5.4.1/armv7e-m/fpu\libgcc.a
LOAD c:/myprogram/rt_thread/env/tools/gnu_gcc/arm_gcc/mingw/bin/../lib/gcc/arm-none-eabi/5.4.1/../../../../arm-none-eabi/lib/armv7e-m/fpu\libc.a
END GROUP
LOAD c:/myprogram/rt_thread/env/tools/gnu_gcc/arm_gcc/mingw/bin/../lib/gcc/arm-none-eabi/5.4.1/armv7e-m/fpu/crtend.o
LOAD c:/myprogram/rt_thread/env/tools/gnu_gcc/arm_gcc/mingw/bin/../lib/gcc/arm-none-eabi/5.4.1/armv7e-m/fpu/crtn.o
                0x00000200                _system_stack_size = 0x200

.text           0x08000000     0xe16c
                0x08000000                . = ALIGN (0x4)
                0x08000000                _stext = .
 *(.isr_vector)
 .isr_vector    0x08000000      0x188 D:\IOT\rtthread-v4.0\rt-thread\bsp\stm32\libraries\STM32F4xx_HAL\CMSIS\Device\ST\STM32F4xx\Source\Templates\gcc\startup_stm32f407xx.o
                0x08000000                g_pfnVectors
                0x08000188                . = ALIGN (0x4)
 *(.text)
 .text          0x08000188       0x5c c:/myprogram/rt_thread/env/tools/gnu_gcc/arm_gcc/mingw/bin/../lib/gcc/arm-none-eabi/5.4.1/armv7e-m/fpu/crtbegin.o
 .text          0x080001e4      0x138 build\kernel\libcpu\arm\cortex-m4\context_gcc.o
                0x080001e4                rt_hw_interrupt_disable
                0x080001ec                rt_hw_interrupt_enable
                0x080001f2                rt_hw_context_switch_interrupt
                0x080001f2                rt_hw_context_switch
                0x08000212                PendSV_Handler
                0x0800027e                rt_hw_context_switch_to
                0x080002c6                rt_hw_interrupt_thread_switch
                0x080002ca                HardFault_Handler
 .text          0x0800031c       0x30 c:/myprogram/rt_thread/env/tools/gnu_gcc/arm_gcc/mingw/bin/../lib/gcc/arm-none-eabi/5.4.1/armv7e-m/fpu\libgcc.a(_aeabi_uldivmod.o)
                0x0800031c                __aeabi_uldivmod
 .text          0x0800034c      0x2e4 c:/myprogram/rt_thread/env/tools/gnu_gcc/arm_gcc/mingw/bin/../lib/gcc/arm-none-eabi/5.4.1/armv7e-m/fpu\libgcc.a(_udivmoddi4.o)
                0x0800034c                __udivmoddi4
 .text          0x08000630        0x4 c:/myprogram/rt_thread/env/tools/gnu_gcc/arm_gcc/mingw/bin/../lib/gcc/arm-none-eabi/5.4.1/armv7e-m/fpu\libgcc.a(_dvmd_tls.o)
                0x08000630                __aeabi_idiv0
                0x08000630                __aeabi_ldiv0
 *(.text.*)
 .text.main     0x08000634       0x48 build\applications\main.o
                0x08000634                main
 .text.SystemClock_Config
                0x0800067c       0xe0 build\board\board.o
                0x0800067c                SystemClock_Config
 .text.HAL_MspInit
                0x0800075c       0x50 build\board\CubeMX_Config\Src\stm32f4xx_hal_msp.o
                0x0800075c                HAL_MspInit
 .text.HAL_UART_MspInit
                0x080007ac       0x90 build\board\CubeMX_Config\Src\stm32f4xx_hal_msp.o
                0x080007ac                HAL_UART_MspInit
 .text.Reset_Handler
                0x0800083c       0x4c D:\IOT\rtthread-v4.0\rt-thread\bsp\stm32\libraries\STM32F4xx_HAL\CMSIS\Device\ST\STM32F4xx\Source\Templates\gcc\startup_stm32f407xx.o
                0x0800083c                Reset_Handler
 .text.Default_Handler
                0x08000888        0x2 D:\IOT\rtthread-v4.0\rt-thread\bsp\stm32\libraries\STM32F4xx_HAL\CMSIS\Device\ST\STM32F4xx\Source\Templates\gcc\startup_stm32f407xx.o
                0x08000888                RTC_Alarm_IRQHandler
                0x08000888                HASH_RNG_IRQHandler
                0x08000888                TIM8_CC_IRQHandler
                0x08000888                DebugMon_Handler
                0x08000888                TIM1_CC_IRQHandler
                0x08000888                DMA2_Stream5_IRQHandler
                0x08000888                DMA1_Stream5_IRQHandler
                0x08000888                PVD_IRQHandler
                0x08000888                SDIO_IRQHandler
                0x08000888                TAMP_STAMP_IRQHandler
                0x08000888                NMI_Handler
                0x08000888                CAN2_RX1_IRQHandler
                0x08000888                TIM8_TRG_COM_TIM14_IRQHandler
                0x08000888                TIM1_UP_TIM10_IRQHandler
                0x08000888                TIM8_UP_TIM13_IRQHandler
                0x08000888                I2C3_ER_IRQHandler
                0x08000888                I2C2_EV_IRQHandler
                0x08000888                DMA1_Stream2_IRQHandler
                0x08000888                CAN1_RX0_IRQHandler
                0x08000888                FPU_IRQHandler
                0x08000888                OTG_HS_WKUP_IRQHandler
                0x08000888                UsageFault_Handler
                0x08000888                CAN2_SCE_IRQHandler
                0x08000888                DMA2_Stream2_IRQHandler
                0x08000888                SPI1_IRQHandler
                0x08000888                TIM6_DAC_IRQHandler
                0x08000888                TIM1_BRK_TIM9_IRQHandler
                0x08000888                DCMI_IRQHandler
                0x08000888                CAN2_RX0_IRQHandler
                0x08000888                DMA2_Stream3_IRQHandler
                0x08000888                USART6_IRQHandler
                0x08000888                USART3_IRQHandler
                0x08000888                CAN1_RX1_IRQHandler
                0x08000888                UART5_IRQHandler
                0x08000888                DMA2_Stream0_IRQHandler
                0x08000888                TIM4_IRQHandler
                0x08000888                I2C1_EV_IRQHandler
                0x08000888                DMA1_Stream6_IRQHandler
                0x08000888                DMA1_Stream1_IRQHandler
                0x08000888                UART4_IRQHandler
                0x08000888                TIM3_IRQHandler
                0x08000888                RCC_IRQHandler
                0x08000888                TIM8_BRK_TIM12_IRQHandler
                0x08000888                Default_Handler
                0x08000888                ADC_IRQHandler
                0x08000888                DMA1_Stream7_IRQHandler
                0x08000888                TIM7_IRQHandler
                0x08000888                CAN2_TX_IRQHandler
                0x08000888                TIM5_IRQHandler
                0x08000888                DMA2_Stream7_IRQHandler
                0x08000888                I2C3_EV_IRQHandler
                0x08000888                RTC_WKUP_IRQHandler
                0x08000888                ETH_WKUP_IRQHandler
                0x08000888                SPI2_IRQHandler
                0x08000888                OTG_HS_EP1_IN_IRQHandler
                0x08000888                MemManage_Handler
                0x08000888                DMA1_Stream0_IRQHandler
                0x08000888                CAN1_TX_IRQHandler
                0x08000888                SVC_Handler
                0x08000888                FSMC_IRQHandler
                0x08000888                ETH_IRQHandler
                0x08000888                OTG_HS_EP1_OUT_IRQHandler
                0x08000888                WWDG_IRQHandler
                0x08000888                TIM2_IRQHandler
                0x08000888                OTG_FS_WKUP_IRQHandler
                0x08000888                TIM1_TRG_COM_TIM11_IRQHandler
                0x08000888                OTG_HS_IRQHandler
                0x08000888                USART2_IRQHandler
                0x08000888                I2C2_ER_IRQHandler
                0x08000888                DMA2_Stream1_IRQHandler
                0x08000888                CAN1_SCE_IRQHandler
                0x08000888                FLASH_IRQHandler
                0x08000888                DMA2_Stream4_IRQHandler
                0x08000888                BusFault_Handler
                0x08000888                OTG_FS_IRQHandler
                0x08000888                SPI3_IRQHandler
                0x08000888                DMA1_Stream4_IRQHandler
                0x08000888                I2C1_ER_IRQHandler
                0x08000888                DMA2_Stream6_IRQHandler
                0x08000888                DMA1_Stream3_IRQHandler
 *fill*         0x0800088a        0x2 00000000
 .text.rt_tick_get
                0x0800088c       0x18 build\kernel\src\clock.o
                0x0800088c                rt_tick_get
 .text.rt_tick_increase
                0x080008a4       0x58 build\kernel\src\clock.o
                0x080008a4                rt_tick_increase
 .text.rt_tick_from_millisecond
                0x080008fc       0x78 build\kernel\src\clock.o
                0x080008fc                rt_tick_from_millisecond
 .text.rti_start
                0x08000974       0x10 build\kernel\src\components.o
 .text.rti_board_start
                0x08000984       0x10 build\kernel\src\components.o
 .text.rti_board_end
                0x08000994       0x10 build\kernel\src\components.o
 .text.rti_end  0x080009a4       0x10 build\kernel\src\components.o
 .text.rt_components_board_init
                0x080009b4       0x30 build\kernel\src\components.o
                0x080009b4                rt_components_board_init
 .text.rt_components_init
                0x080009e4       0x30 build\kernel\src\components.o
                0x080009e4                rt_components_init
 .text.entry    0x08000a14       0x10 build\kernel\src\components.o
                0x08000a14                entry
 .text.main_thread_entry
                0x08000a24       0x18 build\kernel\src\components.o
                0x08000a24                main_thread_entry
 .text.rt_application_init
                0x08000a3c       0x4c build\kernel\src\components.o
                0x08000a3c                rt_application_init
 .text.rtthread_startup
                0x08000a88       0x30 build\kernel\src\components.o
                0x08000a88                rtthread_startup
 .text.rt_device_register
                0x08000ab8       0x54 build\kernel\src\device.o
                0x08000ab8                rt_device_register
 .text.rt_device_find
                0x08000b0c       0x90 build\kernel\src\device.o
                0x08000b0c                rt_device_find
 .text.rt_device_open
                0x08000b9c      0x11c build\kernel\src\device.o
                0x08000b9c                rt_device_open
 .text.rt_device_close
                0x08000cb8       0x9c build\kernel\src\device.o
                0x08000cb8                rt_device_close
 .text.rt_device_read
                0x08000d54       0x88 build\kernel\src\device.o
                0x08000d54                rt_device_read
 .text.rt_device_write
                0x08000ddc       0x88 build\kernel\src\device.o
                0x08000ddc                rt_device_write
 .text.rt_device_set_rx_indicate
                0x08000e64       0x54 build\kernel\src\device.o
                0x08000e64                rt_device_set_rx_indicate
 .text.rt_list_remove
                0x08000eb8       0x38 build\kernel\src\idle.o
 .text._has_defunct_thread
                0x08000ef0       0x2c build\kernel\src\idle.o
 .text.rt_thread_idle_excute
                0x08000f1c       0xc8 build\kernel\src\idle.o
                0x08000f1c                rt_thread_idle_excute
 .text.rt_thread_idle_entry
                0x08000fe4       0x3c build\kernel\src\idle.o
 .text.rt_thread_idle_init
                0x08001020       0x74 build\kernel\src\idle.o
                0x08001020                rt_thread_idle_init
 .text.rt_list_init
                0x08001094       0x24 build\kernel\src\ipc.o
 .text.rt_list_insert_before
                0x080010b8       0x34 build\kernel\src\ipc.o
 .text.rt_list_isempty
                0x080010ec       0x24 build\kernel\src\ipc.o
 .text.rt_ipc_object_init
                0x08001110       0x1c build\kernel\src\ipc.o
 .text.rt_ipc_list_suspend
                0x0800112c       0x90 build\kernel\src\ipc.o
 .text.rt_ipc_list_resume
                0x080011bc       0x20 build\kernel\src\ipc.o
 .text.rt_sem_init
                0x080011dc       0x68 build\kernel\src\ipc.o
                0x080011dc                rt_sem_init
 .text.rt_sem_take
                0x08001244      0x160 build\kernel\src\ipc.o
                0x08001244                rt_sem_take
 .text.rt_sem_release
                0x080013a4       0xa0 build\kernel\src\ipc.o
                0x080013a4                rt_sem_release
 .text.rt_interrupt_enter
                0x08001444       0x40 build\kernel\src\irq.o
                0x08001444                rt_interrupt_enter
 .text.rt_interrupt_leave
                0x08001484       0x40 build\kernel\src\irq.o
                0x08001484                rt_interrupt_leave
 .text.rt_interrupt_get_nest
                0x080014c4       0x28 build\kernel\src\irq.o
                0x080014c4                rt_interrupt_get_nest
 .text.rt_set_errno
                0x080014ec       0x40 build\kernel\src\kservice.o
                0x080014ec                rt_set_errno
 .text.rt_memset
                0x0800152c       0xb8 build\kernel\src\kservice.o
                0x0800152c                rt_memset
                0x0800152c                memset
 .text.rt_memcpy
                0x080015e4       0xd4 build\kernel\src\kservice.o
                0x080015e4                rt_memcpy
                0x080015e4                memcpy
 .text.rt_memmove
                0x080016b8       0x84 build\kernel\src\kservice.o
                0x080016b8                rt_memmove
                0x080016b8                memmove
 .text.rt_memcmp
                0x0800173c       0x58 build\kernel\src\kservice.o
                0x0800173c                rt_memcmp
                0x0800173c                memcmp
 .text.rt_strncpy
                0x08001794       0x64 build\kernel\src\kservice.o
                0x08001794                rt_strncpy
 .text.rt_strncmp
                0x080017f8       0x4c build\kernel\src\kservice.o
                0x080017f8                rt_strncmp
 .text.rt_strlen
                0x08001844       0x30 build\kernel\src\kservice.o
                0x08001844                strlen
                0x08001844                rt_strlen
 .text.rt_show_version
                0x08001874       0x44 build\kernel\src\kservice.o
                0x08001874                rt_show_version
 .text.divide   0x080018b8       0x68 build\kernel\src\kservice.o
 .text.skip_atoi
                0x08001920       0x40 build\kernel\src\kservice.o
 .text.print_number
                0x08001960      0x1dc build\kernel\src\kservice.o
 .text.rt_vsnprintf
                0x08001b3c      0x548 build\kernel\src\kservice.o
                0x08001b3c                rt_vsnprintf
 .text.rt_vsprintf
                0x08002084       0x24 build\kernel\src\kservice.o
                0x08002084                rt_vsprintf
                0x08002084                vsprintf
 .text.rt_sprintf
                0x080020a8       0x2c build\kernel\src\kservice.o
                0x080020a8                sprintf
                0x080020a8                rt_sprintf
 .text.rt_console_get_device
                0x080020d4       0x18 build\kernel\src\kservice.o
                0x080020d4                rt_console_get_device
 .text.rt_console_set_device
                0x080020ec       0x4c build\kernel\src\kservice.o
                0x080020ec                rt_console_set_device
 .text.rt_hw_console_output
                0x08002138       0x14 build\kernel\src\kservice.o
                0x08002138                rt_hw_console_output
 .text.rt_kprintf
                0x0800214c       0x80 build\kernel\src\kservice.o
                0x0800214c                rt_kprintf
 .text.rt_assert_handler
                0x080021cc       0x4c build\kernel\src\kservice.o
                0x080021cc                rt_assert_handler
 .text.plug_holes
                0x08002218      0x100 build\kernel\src\mem.o
 .text.rt_system_heap_init
                0x08002318      0x118 build\kernel\src\mem.o
                0x08002318                rt_system_heap_init
 .text.rt_malloc
                0x08002430      0x294 build\kernel\src\mem.o
                0x08002430                rt_malloc
 .text.rt_calloc
                0x080026c4       0x3c build\kernel\src\mem.o
                0x080026c4                rt_calloc
 .text.rt_free  0x08002700      0x188 build\kernel\src\mem.o
                0x08002700                rt_free
 .text.list_mem
                0x08002888       0x44 build\kernel\src\mem.o
                0x08002888                list_mem
 .text.rt_list_insert_after
                0x080028cc       0x34 build\kernel\src\object.o
 .text.rt_list_remove
                0x08002900       0x38 build\kernel\src\object.o
 .text.rt_object_get_information
                0x08002938       0x48 build\kernel\src\object.o
                0x08002938                rt_object_get_information
 .text.rt_object_init
                0x08002980       0xc8 build\kernel\src\object.o
                0x08002980                rt_object_init
 .text.rt_object_detach
                0x08002a48       0x5c build\kernel\src\object.o
                0x08002a48                rt_object_detach
 .text.rt_object_allocate
                0x08002aa4       0xd8 build\kernel\src\object.o
                0x08002aa4                rt_object_allocate
 .text.rt_object_delete
                0x08002b7c       0x7c build\kernel\src\object.o
                0x08002b7c                rt_object_delete
 .text.rt_object_is_systemobject
                0x08002bf8       0x3c build\kernel\src\object.o
                0x08002bf8                rt_object_is_systemobject
 .text.rt_object_get_type
                0x08002c34       0x34 build\kernel\src\object.o
                0x08002c34                rt_object_get_type
 .text.rt_list_init
                0x08002c68       0x24 build\kernel\src\scheduler.o
 .text.rt_list_insert_before
                0x08002c8c       0x34 build\kernel\src\scheduler.o
 .text.rt_list_remove
                0x08002cc0       0x38 build\kernel\src\scheduler.o
 .text.rt_list_isempty
                0x08002cf8       0x24 build\kernel\src\scheduler.o
 .text._rt_scheduler_stack_check
                0x08002d1c       0x98 build\kernel\src\scheduler.o
 .text._get_highest_priority_thread
                0x08002db4       0x38 build\kernel\src\scheduler.o
 .text.rt_system_scheduler_init
                0x08002dec       0x40 build\kernel\src\scheduler.o
                0x08002dec                rt_system_scheduler_init
 .text.rt_system_scheduler_start
                0x08002e2c       0x38 build\kernel\src\scheduler.o
                0x08002e2c                rt_system_scheduler_start
 .text.rt_schedule
                0x08002e64      0x188 build\kernel\src\scheduler.o
                0x08002e64                rt_schedule
 .text.rt_schedule_insert_thread
                0x08002fec       0xac build\kernel\src\scheduler.o
                0x08002fec                rt_schedule_insert_thread
 .text.rt_schedule_remove_thread
                0x08003098       0x70 build\kernel\src\scheduler.o
                0x08003098                rt_schedule_remove_thread
 .text.rt_enter_critical
                0x08003108       0x2c build\kernel\src\scheduler.o
                0x08003108                rt_enter_critical
 .text.rt_exit_critical
                0x08003134       0x54 build\kernel\src\scheduler.o
                0x08003134                rt_exit_critical
 .text.rt_list_init
                0x08003188       0x24 build\kernel\src\thread.o
 .text.rt_list_insert_after
                0x080031ac       0x34 build\kernel\src\thread.o
 .text.rt_list_remove
                0x080031e0       0x38 build\kernel\src\thread.o
 .text.rt_thread_exit
                0x08003218       0x68 build\kernel\src\thread.o
                0x08003218                rt_thread_exit
 .text._rt_thread_init
                0x08003280       0xf8 build\kernel\src\thread.o
 .text.rt_thread_init
                0x08003378       0x6c build\kernel\src\thread.o
                0x08003378                rt_thread_init
 .text.rt_thread_self
                0x080033e4       0x18 build\kernel\src\thread.o
                0x080033e4                rt_thread_self
 .text.rt_thread_startup
                0x080033fc       0xa0 build\kernel\src\thread.o
                0x080033fc                rt_thread_startup
 .text.rt_thread_create
                0x0800349c       0x64 build\kernel\src\thread.o
                0x0800349c                rt_thread_create
 .text.rt_thread_yield
                0x08003500       0x10 build\kernel\src\thread.o
                0x08003500                rt_thread_yield
 .text.rt_thread_sleep
                0x08003510       0x8c build\kernel\src\thread.o
                0x08003510                rt_thread_sleep
 .text.rt_thread_mdelay
                0x0800359c       0x20 build\kernel\src\thread.o
                0x0800359c                rt_thread_mdelay
 .text.rt_thread_suspend
                0x080035bc       0xcc build\kernel\src\thread.o
                0x080035bc                rt_thread_suspend
 .text.rt_thread_resume
                0x08003688       0x98 build\kernel\src\thread.o
                0x08003688                rt_thread_resume
 .text.rt_thread_timeout
                0x08003720       0x84 build\kernel\src\thread.o
                0x08003720                rt_thread_timeout
 .text.rt_list_init
                0x080037a4       0x24 build\kernel\src\timer.o
 .text.rt_list_insert_after
                0x080037c8       0x34 build\kernel\src\timer.o
 .text.rt_list_remove
                0x080037fc       0x38 build\kernel\src\timer.o
 .text.rt_list_isempty
                0x08003834       0x24 build\kernel\src\timer.o
 .text._rt_timer_init
                0x08003858       0x68 build\kernel\src\timer.o
 .text._rt_timer_remove
                0x080038c0       0x34 build\kernel\src\timer.o
 .text.rt_timer_init
                0x080038f4       0x48 build\kernel\src\timer.o
                0x080038f4                rt_timer_init
 .text.rt_timer_detach
                0x0800393c       0x7c build\kernel\src\timer.o
                0x0800393c                rt_timer_detach
 .text.rt_timer_start
                0x080039b8      0x1fc build\kernel\src\timer.o
                0x080039b8                rt_timer_start
 .text.rt_timer_stop
                0x08003bb4       0x94 build\kernel\src\timer.o
                0x08003bb4                rt_timer_stop
 .text.rt_timer_control
                0x08003c48       0xa0 build\kernel\src\timer.o
                0x08003c48                rt_timer_control
 .text.rt_timer_check
                0x08003ce8       0xcc build\kernel\src\timer.o
                0x08003ce8                rt_timer_check
 .text.rt_system_timer_init
                0x08003db4       0x34 build\kernel\src\timer.o
                0x08003db4                rt_system_timer_init
 .text.rt_system_timer_thread_init
                0x08003de8       0x10 build\kernel\src\timer.o
                0x08003de8                rt_system_timer_thread_init
 .text.rt_hw_stack_init
                0x08003df8       0x90 build\kernel\libcpu\arm\cortex-m4\cpuport.o
                0x08003df8                rt_hw_stack_init
 .text.usage_fault_track
                0x08003e88       0xc4 build\kernel\libcpu\arm\cortex-m4\cpuport.o
 .text.bus_fault_track
                0x08003f4c       0xcc build\kernel\libcpu\arm\cortex-m4\cpuport.o
 .text.mem_manage_fault_track
                0x08004018       0xb4 build\kernel\libcpu\arm\cortex-m4\cpuport.o
 .text.hard_fault_track
                0x080040cc       0x78 build\kernel\libcpu\arm\cortex-m4\cpuport.o
 .text.rt_hw_hard_fault_exception
                0x08004144      0x184 build\kernel\libcpu\arm\cortex-m4\cpuport.o
                0x08004144                rt_hw_hard_fault_exception
 .text.rt_hw_cpu_reset
                0x080042c8       0x1c build\kernel\libcpu\arm\cortex-m4\cpuport.o
                0x080042c8                rt_hw_cpu_reset
 .text.__rt_ffs
                0x080042e4       0x2c build\kernel\libcpu\arm\cortex-m4\cpuport.o
                0x080042e4                __rt_ffs
 .text._pin_read
                0x08004310       0x60 build\kernel\components\drivers\misc\pin.o
 .text._pin_write
                0x08004370       0x5c build\kernel\components\drivers\misc\pin.o
 .text._pin_control
                0x080043cc       0x58 build\kernel\components\drivers\misc\pin.o
 .text.rt_device_pin_register
                0x08004424       0x74 build\kernel\components\drivers\misc\pin.o
                0x08004424                rt_device_pin_register
 .text.rt_pin_mode
                0x08004498       0x40 build\kernel\components\drivers\misc\pin.o
                0x08004498                rt_pin_mode
 .text.rt_pin_write
                0x080044d8       0x40 build\kernel\components\drivers\misc\pin.o
                0x080044d8                rt_pin_write
 .text.rt_pin_read
                0x08004518       0x3c build\kernel\components\drivers\misc\pin.o
                0x08004518                rt_pin_read
 .text._serial_poll_rx
                0x08004554       0x74 build\kernel\components\drivers\serial\serial.o
 .text._serial_poll_tx
                0x080045c8       0x7c build\kernel\components\drivers\serial\serial.o
 .text._serial_int_rx
                0x08004644       0xd8 build\kernel\components\drivers\serial\serial.o
 .text._serial_int_tx
                0x0800471c       0x90 build\kernel\components\drivers\serial\serial.o
 .text._serial_check_buffer_size
                0x080047ac       0x38 build\kernel\components\drivers\serial\serial.o
 .text._serial_fifo_calc_recved_len
                0x080047e4       0x88 build\kernel\components\drivers\serial\serial.o
 .text.rt_dma_calc_recved_len
                0x0800486c       0x18 build\kernel\components\drivers\serial\serial.o
 .text.rt_dma_recv_update_get_index
                0x08004884       0xa4 build\kernel\components\drivers\serial\serial.o
 .text.rt_dma_recv_update_put_index
                0x08004928       0xf8 build\kernel\components\drivers\serial\serial.o
 .text._serial_dma_rx
                0x08004a20      0x198 build\kernel\components\drivers\serial\serial.o
 .text._serial_dma_tx
                0x08004bb8       0x70 build\kernel\components\drivers\serial\serial.o
 .text.rt_serial_init
                0x08004c28       0x5c build\kernel\components\drivers\serial\serial.o
 .text.rt_serial_open
                0x08004c84      0x36c build\kernel\components\drivers\serial\serial.o
 .text.rt_serial_close
                0x08004ff0      0x1a8 build\kernel\components\drivers\serial\serial.o
 .text.rt_serial_read
                0x08005198       0x84 build\kernel\components\drivers\serial\serial.o
 .text.rt_serial_write
                0x0800521c       0x84 build\kernel\components\drivers\serial\serial.o
 .text.rt_serial_control
                0x080052a0       0xd0 build\kernel\components\drivers\serial\serial.o
 .text.rt_hw_serial_register
                0x08005370       0x9c build\kernel\components\drivers\serial\serial.o
                0x08005370                rt_hw_serial_register
 .text.rt_hw_serial_isr
                0x0800540c      0x264 build\kernel\components\drivers\serial\serial.o
                0x0800540c                rt_hw_serial_isr
 .text.rt_list_init
                0x08005670       0x24 build\kernel\components\drivers\src\completion.o
 .text.rt_list_insert_before
                0x08005694       0x34 build\kernel\components\drivers\src\completion.o
 .text.rt_list_isempty
                0x080056c8       0x24 build\kernel\components\drivers\src\completion.o
 .text.rt_completion_init
                0x080056ec       0x44 build\kernel\components\drivers\src\completion.o
                0x080056ec                rt_completion_init
 .text.rt_completion_wait
                0x08005730       0xfc build\kernel\components\drivers\src\completion.o
                0x08005730                rt_completion_wait
 .text.rt_completion_done
                0x0800582c       0x70 build\kernel\components\drivers\src\completion.o
                0x0800582c                rt_completion_done
 .text.rt_list_init
                0x0800589c       0x24 build\kernel\components\drivers\src\dataqueue.o
 .text.rt_list_insert_before
                0x080058c0       0x34 build\kernel\components\drivers\src\dataqueue.o
 .text.rt_list_isempty
                0x080058f4       0x24 build\kernel\components\drivers\src\dataqueue.o
 .text.rt_data_queue_init
                0x08005918       0x84 build\kernel\components\drivers\src\dataqueue.o
                0x08005918                rt_data_queue_init
 .text.rt_data_queue_push
                0x0800599c      0x190 build\kernel\components\drivers\src\dataqueue.o
                0x0800599c                rt_data_queue_push
 .text.rt_data_queue_pop
                0x08005b2c      0x1e4 build\kernel\components\drivers\src\dataqueue.o
                0x08005b2c                rt_data_queue_pop
 .text.rt_data_queue_peak
                0x08005d10       0x9c build\kernel\components\drivers\src\dataqueue.o
                0x08005d10                rt_data_queue_peak
 .text.finsh_get_prompt
                0x08005dac       0xa0 build\kernel\components\finsh\shell.o
                0x08005dac                finsh_get_prompt
 .text.finsh_set_prompt_mode
                0x08005e4c       0x48 build\kernel\components\finsh\shell.o
                0x08005e4c                finsh_set_prompt_mode
 .text.finsh_getchar
                0x08005e94       0x5c build\kernel\components\finsh\shell.o
 .text.finsh_rx_ind
                0x08005ef0       0x3c build\kernel\components\finsh\shell.o
 .text.finsh_set_device
                0x08005f2c       0xd8 build\kernel\components\finsh\shell.o
                0x08005f2c                finsh_set_device
 .text.shell_auto_complete
                0x08006004       0x40 build\kernel\components\finsh\shell.o
 .text.shell_handle_history
                0x08006044       0x34 build\kernel\components\finsh\shell.o
 .text.shell_push_history
                0x08006078      0x160 build\kernel\components\finsh\shell.o
 .text.finsh_thread_entry
                0x080061d8      0x5d8 build\kernel\components\finsh\shell.o
                0x080061d8                finsh_thread_entry
 .text.finsh_system_function_init
                0x080067b0       0x2c build\kernel\components\finsh\shell.o
                0x080067b0                finsh_system_function_init
 .text.finsh_system_var_init
                0x080067dc       0x2c build\kernel\components\finsh\shell.o
                0x080067dc                finsh_system_var_init
 .text.finsh_system_init
                0x08006808       0xac build\kernel\components\finsh\shell.o
                0x08006808                finsh_system_init
 .text.rt_list_isempty
                0x080068b4       0x24 build\kernel\components\finsh\cmd.o
 .text.rt_list_len
                0x080068d8       0x38 build\kernel\components\finsh\cmd.o
 .text.hello    0x08006910       0x14 build\kernel\components\finsh\cmd.o
                0x08006910                hello
 .text.version  0x08006924       0x10 build\kernel\components\finsh\cmd.o
                0x08006924                version
 .text.object_split
                0x08006934       0x28 build\kernel\components\finsh\cmd.o
 .text.list_find_init
                0x0800695c       0x48 build\kernel\components\finsh\cmd.o
 .text.list_get_next
                0x080069a4       0xc8 build\kernel\components\finsh\cmd.o
 .text.list_thread
                0x08006a6c      0x208 build\kernel\components\finsh\cmd.o
                0x08006a6c                list_thread
 .text.show_wait_queue
                0x08006c74       0x50 build\kernel\components\finsh\cmd.o
 .text.list_sem
                0x08006cc4      0x12c build\kernel\components\finsh\cmd.o
                0x08006cc4                list_sem
 .text.list_event
                0x08006df0      0x118 build\kernel\components\finsh\cmd.o
                0x08006df0                list_event
 .text.list_mutex
                0x08006f08       0xe8 build\kernel\components\finsh\cmd.o
                0x08006f08                list_mutex
 .text.list_mailbox
                0x08006ff0      0x13c build\kernel\components\finsh\cmd.o
                0x08006ff0                list_mailbox
 .text.list_msgqueue
                0x0800712c      0x12c build\kernel\components\finsh\cmd.o
                0x0800712c                list_msgqueue
 .text.list_mempool
                0x08007258      0x144 build\kernel\components\finsh\cmd.o
                0x08007258                list_mempool
 .text.list_timer
                0x0800739c      0x108 build\kernel\components\finsh\cmd.o
                0x0800739c                list_timer
 .text.list_device
                0x080074a4       0xf0 build\kernel\components\finsh\cmd.o
                0x080074a4                list_device
 .text.list     0x08007594       0x6c build\kernel\components\finsh\cmd.o
                0x08007594                list
 .text.msh_is_used
                0x08007600       0x10 build\kernel\components\finsh\msh.o
                0x08007600                msh_is_used
 .text.msh_help
                0x08007610       0x7c build\kernel\components\finsh\msh.o
                0x08007610                msh_help
 .text.cmd_ps   0x0800768c       0x18 build\kernel\components\finsh\msh.o
                0x0800768c                cmd_ps
 .text.cmd_free
                0x080076a4       0x18 build\kernel\components\finsh\msh.o
                0x080076a4                cmd_free
 .text.msh_split
                0x080076bc      0x170 build\kernel\components\finsh\msh.o
 .text.msh_get_cmd
                0x0800782c       0x80 build\kernel\components\finsh\msh.o
 .text._msh_exec_cmd
                0x080078ac       0xd4 build\kernel\components\finsh\msh.o
 .text.msh_exec
                0x08007980       0x84 build\kernel\components\finsh\msh.o
                0x08007980                msh_exec
 .text.str_common
                0x08007a04       0x4c build\kernel\components\finsh\msh.o
 .text.msh_auto_complete
                0x08007a50       0xd0 build\kernel\components\finsh\msh.o
                0x08007a50                msh_auto_complete
 .text.malloc   0x08007b20       0x18 build\kernel\components\libc\compilers\minilibc\stdlib.o
                0x08007b20                malloc
 .text.strncpy  0x08007b38       0x20 build\kernel\components\libc\compilers\minilibc\string.o
                0x08007b38                strncpy
 .text.strncmp  0x08007b58       0x4c build\kernel\components\libc\compilers\minilibc\string.o
                0x08007b58                strncmp
 .text.SystemInit
                0x08007ba4       0x6c D:\IOT\rtthread-v4.0\rt-thread\bsp\stm32\libraries\STM32F4xx_HAL\CMSIS\Device\ST\STM32F4xx\Source\Templates\system_stm32f4xx.o
                0x08007ba4                SystemInit
 .text.HAL_Init
                0x08007c10       0x44 D:\IOT\rtthread-v4.0\rt-thread\bsp\stm32\libraries\STM32F4xx_HAL\STM32F4xx_HAL_Driver\Src\stm32f4xx_hal.o
                0x08007c10                HAL_Init
 .text.HAL_IncTick
                0x08007c54       0x28 D:\IOT\rtthread-v4.0\rt-thread\bsp\stm32\libraries\STM32F4xx_HAL\STM32F4xx_HAL_Driver\Src\stm32f4xx_hal.o
                0x08007c54                HAL_IncTick
 .text.__NVIC_SetPriorityGrouping
                0x08007c7c       0x48 D:\IOT\rtthread-v4.0\rt-thread\bsp\stm32\libraries\STM32F4xx_HAL\STM32F4xx_HAL_Driver\Src\stm32f4xx_hal_cortex.o
 .text.__NVIC_GetPriorityGrouping
                0x08007cc4       0x1c D:\IOT\rtthread-v4.0\rt-thread\bsp\stm32\libraries\STM32F4xx_HAL\STM32F4xx_HAL_Driver\Src\stm32f4xx_hal_cortex.o
 .text.__NVIC_EnableIRQ
                0x08007ce0       0x3c D:\IOT\rtthread-v4.0\rt-thread\bsp\stm32\libraries\STM32F4xx_HAL\STM32F4xx_HAL_Driver\Src\stm32f4xx_hal_cortex.o
 .text.__NVIC_DisableIRQ
                0x08007d1c       0x44 D:\IOT\rtthread-v4.0\rt-thread\bsp\stm32\libraries\STM32F4xx_HAL\STM32F4xx_HAL_Driver\Src\stm32f4xx_hal_cortex.o
 .text.__NVIC_SetPriority
                0x08007d60       0x54 D:\IOT\rtthread-v4.0\rt-thread\bsp\stm32\libraries\STM32F4xx_HAL\STM32F4xx_HAL_Driver\Src\stm32f4xx_hal_cortex.o
 .text.NVIC_EncodePriority
                0x08007db4       0x64 D:\IOT\rtthread-v4.0\rt-thread\bsp\stm32\libraries\STM32F4xx_HAL\STM32F4xx_HAL_Driver\Src\stm32f4xx_hal_cortex.o
 .text.SysTick_Config
                0x08007e18       0x44 D:\IOT\rtthread-v4.0\rt-thread\bsp\stm32\libraries\STM32F4xx_HAL\STM32F4xx_HAL_Driver\Src\stm32f4xx_hal_cortex.o
 .text.HAL_NVIC_SetPriorityGrouping
                0x08007e5c       0x18 D:\IOT\rtthread-v4.0\rt-thread\bsp\stm32\libraries\STM32F4xx_HAL\STM32F4xx_HAL_Driver\Src\stm32f4xx_hal_cortex.o
                0x08007e5c                HAL_NVIC_SetPriorityGrouping
 .text.HAL_NVIC_SetPriority
                0x08007e74       0x38 D:\IOT\rtthread-v4.0\rt-thread\bsp\stm32\libraries\STM32F4xx_HAL\STM32F4xx_HAL_Driver\Src\stm32f4xx_hal_cortex.o
                0x08007e74                HAL_NVIC_SetPriority
 .text.HAL_NVIC_EnableIRQ
                0x08007eac       0x1c D:\IOT\rtthread-v4.0\rt-thread\bsp\stm32\libraries\STM32F4xx_HAL\STM32F4xx_HAL_Driver\Src\stm32f4xx_hal_cortex.o
                0x08007eac                HAL_NVIC_EnableIRQ
 .text.HAL_NVIC_DisableIRQ
                0x08007ec8       0x1c D:\IOT\rtthread-v4.0\rt-thread\bsp\stm32\libraries\STM32F4xx_HAL\STM32F4xx_HAL_Driver\Src\stm32f4xx_hal_cortex.o
                0x08007ec8                HAL_NVIC_DisableIRQ
 .text.HAL_SYSTICK_Config
                0x08007ee4       0x18 D:\IOT\rtthread-v4.0\rt-thread\bsp\stm32\libraries\STM32F4xx_HAL\STM32F4xx_HAL_Driver\Src\stm32f4xx_hal_cortex.o
                0x08007ee4                HAL_SYSTICK_Config
 .text.HAL_SYSTICK_CLKSourceConfig
                0x08007efc       0x38 D:\IOT\rtthread-v4.0\rt-thread\bsp\stm32\libraries\STM32F4xx_HAL\STM32F4xx_HAL_Driver\Src\stm32f4xx_hal_cortex.o
                0x08007efc                HAL_SYSTICK_CLKSourceConfig
 .text.HAL_DMA_Init
                0x08007f34      0x15c D:\IOT\rtthread-v4.0\rt-thread\bsp\stm32\libraries\STM32F4xx_HAL\STM32F4xx_HAL_Driver\Src\stm32f4xx_hal_dma.o
                0x08007f34                HAL_DMA_Init
 .text.HAL_DMA_DeInit
                0x08008090       0xbc D:\IOT\rtthread-v4.0\rt-thread\bsp\stm32\libraries\STM32F4xx_HAL\STM32F4xx_HAL_Driver\Src\stm32f4xx_hal_dma.o
                0x08008090                HAL_DMA_DeInit
 .text.HAL_DMA_Start_IT
                0x0800814c       0xc0 D:\IOT\rtthread-v4.0\rt-thread\bsp\stm32\libraries\STM32F4xx_HAL\STM32F4xx_HAL_Driver\Src\stm32f4xx_hal_dma.o
                0x0800814c                HAL_DMA_Start_IT
 .text.HAL_DMA_Abort_IT
                0x0800820c       0x44 D:\IOT\rtthread-v4.0\rt-thread\bsp\stm32\libraries\STM32F4xx_HAL\STM32F4xx_HAL_Driver\Src\stm32f4xx_hal_dma.o
                0x0800820c                HAL_DMA_Abort_IT
 .text.DMA_SetConfig
                0x08008250       0x5c D:\IOT\rtthread-v4.0\rt-thread\bsp\stm32\libraries\STM32F4xx_HAL\STM32F4xx_HAL_Driver\Src\stm32f4xx_hal_dma.o
 .text.DMA_CalcBaseAndBitshift
                0x080082ac       0x6c D:\IOT\rtthread-v4.0\rt-thread\bsp\stm32\libraries\STM32F4xx_HAL\STM32F4xx_HAL_Driver\Src\stm32f4xx_hal_dma.o
 .text.DMA_CheckFifoParam
                0x08008318       0xf4 D:\IOT\rtthread-v4.0\rt-thread\bsp\stm32\libraries\STM32F4xx_HAL\STM32F4xx_HAL_Driver\Src\stm32f4xx_hal_dma.o
 .text.HAL_RCC_OscConfig
                0x0800840c      0x480 D:\IOT\rtthread-v4.0\rt-thread\bsp\stm32\libraries\STM32F4xx_HAL\STM32F4xx_HAL_Driver\Src\stm32f4xx_hal_rcc.o
                0x0800840c                HAL_RCC_OscConfig
 .text.HAL_RCC_ClockConfig
                0x0800888c      0x1c4 D:\IOT\rtthread-v4.0\rt-thread\bsp\stm32\libraries\STM32F4xx_HAL\STM32F4xx_HAL_Driver\Src\stm32f4xx_hal_rcc.o
                0x0800888c                HAL_RCC_ClockConfig
 .text.HAL_RCC_GetSysClockFreq
                0x08008a50      0x1ac D:\IOT\rtthread-v4.0\rt-thread\bsp\stm32\libraries\STM32F4xx_HAL\STM32F4xx_HAL_Driver\Src\stm32f4xx_hal_rcc.o
                0x08008a50                HAL_RCC_GetSysClockFreq
 .text.HAL_RCC_GetHCLKFreq
                0x08008bfc       0x18 D:\IOT\rtthread-v4.0\rt-thread\bsp\stm32\libraries\STM32F4xx_HAL\STM32F4xx_HAL_Driver\Src\stm32f4xx_hal_rcc.o
                0x08008bfc                HAL_RCC_GetHCLKFreq
 .text.HAL_RCC_GetPCLK1Freq
                0x08008c14       0x28 D:\IOT\rtthread-v4.0\rt-thread\bsp\stm32\libraries\STM32F4xx_HAL\STM32F4xx_HAL_Driver\Src\stm32f4xx_hal_rcc.o
                0x08008c14                HAL_RCC_GetPCLK1Freq
 .text.HAL_RCC_GetPCLK2Freq
                0x08008c3c       0x28 D:\IOT\rtthread-v4.0\rt-thread\bsp\stm32\libraries\STM32F4xx_HAL\STM32F4xx_HAL_Driver\Src\stm32f4xx_hal_rcc.o
                0x08008c3c                HAL_RCC_GetPCLK2Freq
 .text.HAL_GPIO_Init
                0x08008c64      0x334 D:\IOT\rtthread-v4.0\rt-thread\bsp\stm32\libraries\STM32F4xx_HAL\STM32F4xx_HAL_Driver\Src\stm32f4xx_hal_gpio.o
                0x08008c64                HAL_GPIO_Init
 .text.HAL_GPIO_DeInit
                0x08008f98      0x1f8 D:\IOT\rtthread-v4.0\rt-thread\bsp\stm32\libraries\STM32F4xx_HAL\STM32F4xx_HAL_Driver\Src\stm32f4xx_hal_gpio.o
                0x08008f98                HAL_GPIO_DeInit
 .text.HAL_GPIO_ReadPin
                0x08009190       0x30 D:\IOT\rtthread-v4.0\rt-thread\bsp\stm32\libraries\STM32F4xx_HAL\STM32F4xx_HAL_Driver\Src\stm32f4xx_hal_gpio.o
                0x08009190                HAL_GPIO_ReadPin
 .text.HAL_GPIO_WritePin
                0x080091c0       0x34 D:\IOT\rtthread-v4.0\rt-thread\bsp\stm32\libraries\STM32F4xx_HAL\STM32F4xx_HAL_Driver\Src\stm32f4xx_hal_gpio.o
                0x080091c0                HAL_GPIO_WritePin
 .text.HAL_GPIO_EXTI_IRQHandler
                0x080091f4       0x30 D:\IOT\rtthread-v4.0\rt-thread\bsp\stm32\libraries\STM32F4xx_HAL\STM32F4xx_HAL_Driver\Src\stm32f4xx_hal_gpio.o
                0x080091f4                HAL_GPIO_EXTI_IRQHandler
 .text.HAL_UART_Init
                0x08009224       0x9c D:\IOT\rtthread-v4.0\rt-thread\bsp\stm32\libraries\STM32F4xx_HAL\STM32F4xx_HAL_Driver\Src\stm32f4xx_hal_uart.o
                0x08009224                HAL_UART_Init
 .text.HAL_UART_Transmit_DMA
                0x080092c0       0xd8 D:\IOT\rtthread-v4.0\rt-thread\bsp\stm32\libraries\STM32F4xx_HAL\STM32F4xx_HAL_Driver\Src\stm32f4xx_hal_uart.o
                0x080092c0                HAL_UART_Transmit_DMA
 .text.HAL_UART_Receive_DMA
                0x08009398      0x100 D:\IOT\rtthread-v4.0\rt-thread\bsp\stm32\libraries\STM32F4xx_HAL\STM32F4xx_HAL_Driver\Src\stm32f4xx_hal_uart.o
                0x08009398                HAL_UART_Receive_DMA
 .text.HAL_UART_IRQHandler
                0x08009498      0x1f8 D:\IOT\rtthread-v4.0\rt-thread\bsp\stm32\libraries\STM32F4xx_HAL\STM32F4xx_HAL_Driver\Src\stm32f4xx_hal_uart.o
                0x08009498                HAL_UART_IRQHandler
 .text.HAL_UART_TxHalfCpltCallback
                0x08009690       0x14 D:\IOT\rtthread-v4.0\rt-thread\bsp\stm32\libraries\STM32F4xx_HAL\STM32F4xx_HAL_Driver\Src\stm32f4xx_hal_uart.o
                0x08009690                HAL_UART_TxHalfCpltCallback
 .text.UART_DMATransmitCplt
                0x080096a4       0x54 D:\IOT\rtthread-v4.0\rt-thread\bsp\stm32\libraries\STM32F4xx_HAL\STM32F4xx_HAL_Driver\Src\stm32f4xx_hal_uart.o
 .text.UART_DMATxHalfCplt
                0x080096f8       0x1c D:\IOT\rtthread-v4.0\rt-thread\bsp\stm32\libraries\STM32F4xx_HAL\STM32F4xx_HAL_Driver\Src\stm32f4xx_hal_uart.o
 .text.UART_DMAReceiveCplt
                0x08009714       0x68 D:\IOT\rtthread-v4.0\rt-thread\bsp\stm32\libraries\STM32F4xx_HAL\STM32F4xx_HAL_Driver\Src\stm32f4xx_hal_uart.o
 .text.UART_DMARxHalfCplt
                0x0800977c       0x1c D:\IOT\rtthread-v4.0\rt-thread\bsp\stm32\libraries\STM32F4xx_HAL\STM32F4xx_HAL_Driver\Src\stm32f4xx_hal_uart.o
 .text.UART_DMAError
                0x08009798       0x94 D:\IOT\rtthread-v4.0\rt-thread\bsp\stm32\libraries\STM32F4xx_HAL\STM32F4xx_HAL_Driver\Src\stm32f4xx_hal_uart.o
 .text.UART_EndTxTransfer
                0x0800982c       0x2c D:\IOT\rtthread-v4.0\rt-thread\bsp\stm32\libraries\STM32F4xx_HAL\STM32F4xx_HAL_Driver\Src\stm32f4xx_hal_uart.o
 .text.UART_EndRxTransfer
                0x08009858       0x3c D:\IOT\rtthread-v4.0\rt-thread\bsp\stm32\libraries\STM32F4xx_HAL\STM32F4xx_HAL_Driver\Src\stm32f4xx_hal_uart.o
 .text.UART_DMAAbortOnError
                0x08009894       0x28 D:\IOT\rtthread-v4.0\rt-thread\bsp\stm32\libraries\STM32F4xx_HAL\STM32F4xx_HAL_Driver\Src\stm32f4xx_hal_uart.o
 .text.UART_Transmit_IT
                0x080098bc       0xac D:\IOT\rtthread-v4.0\rt-thread\bsp\stm32\libraries\STM32F4xx_HAL\STM32F4xx_HAL_Driver\Src\stm32f4xx_hal_uart.o
 .text.UART_EndTransmit_IT
                0x08009968       0x30 D:\IOT\rtthread-v4.0\rt-thread\bsp\stm32\libraries\STM32F4xx_HAL\STM32F4xx_HAL_Driver\Src\stm32f4xx_hal_uart.o
 .text.UART_Receive_IT
                0x08009998      0x104 D:\IOT\rtthread-v4.0\rt-thread\bsp\stm32\libraries\STM32F4xx_HAL\STM32F4xx_HAL_Driver\Src\stm32f4xx_hal_uart.o
 .text.UART_SetConfig
                0x08009a9c      0x414 D:\IOT\rtthread-v4.0\rt-thread\bsp\stm32\libraries\STM32F4xx_HAL\STM32F4xx_HAL_Driver\Src\stm32f4xx_hal_uart.o
 .text.get_pin  0x08009eb0       0x48 D:\IOT\rtthread-v4.0\rt-thread\bsp\stm32\libraries\HAL_Drivers\drv_gpio.o
 .text.stm32_pin_write
                0x08009ef8       0x3c D:\IOT\rtthread-v4.0\rt-thread\bsp\stm32\libraries\HAL_Drivers\drv_gpio.o
 .text.stm32_pin_read
                0x08009f34       0x44 D:\IOT\rtthread-v4.0\rt-thread\bsp\stm32\libraries\HAL_Drivers\drv_gpio.o
 .text.stm32_pin_mode
                0x08009f78       0x98 D:\IOT\rtthread-v4.0\rt-thread\bsp\stm32\libraries\HAL_Drivers\drv_gpio.o
 .text.bit2bitno
                0x0800a010       0x40 D:\IOT\rtthread-v4.0\rt-thread\bsp\stm32\libraries\HAL_Drivers\drv_gpio.o
 .text.get_pin_irq_map
                0x0800a050       0x34 D:\IOT\rtthread-v4.0\rt-thread\bsp\stm32\libraries\HAL_Drivers\drv_gpio.o
 .text.stm32_pin_attach_irq
                0x0800a084      0x148 D:\IOT\rtthread-v4.0\rt-thread\bsp\stm32\libraries\HAL_Drivers\drv_gpio.o
 .text.stm32_pin_dettach_irq
                0x0800a1cc       0xd0 D:\IOT\rtthread-v4.0\rt-thread\bsp\stm32\libraries\HAL_Drivers\drv_gpio.o
 .text.stm32_pin_irq_enable
                0x0800a29c      0x1e0 D:\IOT\rtthread-v4.0\rt-thread\bsp\stm32\libraries\HAL_Drivers\drv_gpio.o
 .text.pin_irq_hdr
                0x0800a47c       0x54 D:\IOT\rtthread-v4.0\rt-thread\bsp\stm32\libraries\HAL_Drivers\drv_gpio.o
 .text.HAL_GPIO_EXTI_Callback
                0x0800a4d0       0x24 D:\IOT\rtthread-v4.0\rt-thread\bsp\stm32\libraries\HAL_Drivers\drv_gpio.o
                0x0800a4d0                HAL_GPIO_EXTI_Callback
 .text.EXTI0_IRQHandler
                0x0800a4f4       0x18 D:\IOT\rtthread-v4.0\rt-thread\bsp\stm32\libraries\HAL_Drivers\drv_gpio.o
                0x0800a4f4                EXTI0_IRQHandler
 .text.EXTI1_IRQHandler
                0x0800a50c       0x18 D:\IOT\rtthread-v4.0\rt-thread\bsp\stm32\libraries\HAL_Drivers\drv_gpio.o
                0x0800a50c                EXTI1_IRQHandler
 .text.EXTI2_IRQHandler
                0x0800a524       0x18 D:\IOT\rtthread-v4.0\rt-thread\bsp\stm32\libraries\HAL_Drivers\drv_gpio.o
                0x0800a524                EXTI2_IRQHandler
 .text.EXTI3_IRQHandler
                0x0800a53c       0x18 D:\IOT\rtthread-v4.0\rt-thread\bsp\stm32\libraries\HAL_Drivers\drv_gpio.o
                0x0800a53c                EXTI3_IRQHandler
 .text.EXTI4_IRQHandler
                0x0800a554       0x18 D:\IOT\rtthread-v4.0\rt-thread\bsp\stm32\libraries\HAL_Drivers\drv_gpio.o
                0x0800a554                EXTI4_IRQHandler
 .text.EXTI9_5_IRQHandler
                0x0800a56c       0x34 D:\IOT\rtthread-v4.0\rt-thread\bsp\stm32\libraries\HAL_Drivers\drv_gpio.o
                0x0800a56c                EXTI9_5_IRQHandler
 .text.EXTI15_10_IRQHandler
                0x0800a5a0       0x40 D:\IOT\rtthread-v4.0\rt-thread\bsp\stm32\libraries\HAL_Drivers\drv_gpio.o
                0x0800a5a0                EXTI15_10_IRQHandler
 .text.rt_hw_pin_init
                0x0800a5e0      0x124 D:\IOT\rtthread-v4.0\rt-thread\bsp\stm32\libraries\HAL_Drivers\drv_gpio.o
                0x0800a5e0                rt_hw_pin_init
 .text.__NVIC_EnableIRQ
                0x0800a704       0x3c D:\IOT\rtthread-v4.0\rt-thread\bsp\stm32\libraries\HAL_Drivers\drv_usart.o
 .text.__NVIC_DisableIRQ
                0x0800a740       0x44 D:\IOT\rtthread-v4.0\rt-thread\bsp\stm32\libraries\HAL_Drivers\drv_usart.o
 .text.stm32_configure
                0x0800a784      0x118 D:\IOT\rtthread-v4.0\rt-thread\bsp\stm32\libraries\HAL_Drivers\drv_usart.o
 .text.stm32_control
                0x0800a89c       0x94 D:\IOT\rtthread-v4.0\rt-thread\bsp\stm32\libraries\HAL_Drivers\drv_usart.o
 .text.stm32_putc
                0x0800a930       0x58 D:\IOT\rtthread-v4.0\rt-thread\bsp\stm32\libraries\HAL_Drivers\drv_usart.o
 .text.stm32_getc
                0x0800a988       0x50 D:\IOT\rtthread-v4.0\rt-thread\bsp\stm32\libraries\HAL_Drivers\drv_usart.o
 .text.stm32_dma_transmit
                0x0800a9d8       0x64 D:\IOT\rtthread-v4.0\rt-thread\bsp\stm32\libraries\HAL_Drivers\drv_usart.o
 .text.uart_isr
                0x0800aa3c      0x21c D:\IOT\rtthread-v4.0\rt-thread\bsp\stm32\libraries\HAL_Drivers\drv_usart.o
 .text.dma_isr  0x0800ac58       0xb8 D:\IOT\rtthread-v4.0\rt-thread\bsp\stm32\libraries\HAL_Drivers\drv_usart.o
 .text.USART1_IRQHandler
                0x0800ad10       0x1c D:\IOT\rtthread-v4.0\rt-thread\bsp\stm32\libraries\HAL_Drivers\drv_usart.o
                0x0800ad10                USART1_IRQHandler
 .text.stm32_dma_config
                0x0800ad2c      0x1e4 D:\IOT\rtthread-v4.0\rt-thread\bsp\stm32\libraries\HAL_Drivers\drv_usart.o
 .text.HAL_UART_ErrorCallback
                0x0800af10       0x30 D:\IOT\rtthread-v4.0\rt-thread\bsp\stm32\libraries\HAL_Drivers\drv_usart.o
                0x0800af10                HAL_UART_ErrorCallback
 .text.HAL_UART_RxCpltCallback
                0x0800af40       0x3c D:\IOT\rtthread-v4.0\rt-thread\bsp\stm32\libraries\HAL_Drivers\drv_usart.o
                0x0800af40                HAL_UART_RxCpltCallback
 .text.HAL_UART_RxHalfCpltCallback
                0x0800af7c       0x3c D:\IOT\rtthread-v4.0\rt-thread\bsp\stm32\libraries\HAL_Drivers\drv_usart.o
                0x0800af7c                HAL_UART_RxHalfCpltCallback
 .text.HAL_UART_TxCpltCallback
                0x0800afb8       0x3c D:\IOT\rtthread-v4.0\rt-thread\bsp\stm32\libraries\HAL_Drivers\drv_usart.o
                0x0800afb8                HAL_UART_TxCpltCallback
 .text.stm32_uart_get_dma_config
                0x0800aff4       0x1c D:\IOT\rtthread-v4.0\rt-thread\bsp\stm32\libraries\HAL_Drivers\drv_usart.o
 .text.rt_hw_usart_init
                0x0800b010      0x10c D:\IOT\rtthread-v4.0\rt-thread\bsp\stm32\libraries\HAL_Drivers\drv_usart.o
                0x0800b010                rt_hw_usart_init
 .text.reboot   0x0800b11c       0x18 D:\IOT\rtthread-v4.0\rt-thread\bsp\stm32\libraries\HAL_Drivers\drv_common.o
 .text.rt_hw_systick_init
                0x0800b134       0x34 D:\IOT\rtthread-v4.0\rt-thread\bsp\stm32\libraries\HAL_Drivers\drv_common.o
                0x0800b134                rt_hw_systick_init
 .text.SysTick_Handler
                0x0800b168       0x18 D:\IOT\rtthread-v4.0\rt-thread\bsp\stm32\libraries\HAL_Drivers\drv_common.o
                0x0800b168                SysTick_Handler
 .text.HAL_GetTick
                0x0800b180       0x24 D:\IOT\rtthread-v4.0\rt-thread\bsp\stm32\libraries\HAL_Drivers\drv_common.o
                0x0800b180                HAL_GetTick
 .text.HAL_InitTick
                0x0800b1a4       0x18 D:\IOT\rtthread-v4.0\rt-thread\bsp\stm32\libraries\HAL_Drivers\drv_common.o
                0x0800b1a4                HAL_InitTick
 .text._Error_Handler
                0x0800b1bc        0xc D:\IOT\rtthread-v4.0\rt-thread\bsp\stm32\libraries\HAL_Drivers\drv_common.o
                0x0800b1bc                _Error_Handler
 .text.rt_hw_board_init
                0x0800b1c8       0x54 D:\IOT\rtthread-v4.0\rt-thread\bsp\stm32\libraries\HAL_Drivers\drv_common.o
                0x0800b1c8                rt_hw_board_init
 .text.startup.register_fini
                0x0800b21c       0x14 c:/myprogram/rt_thread/env/tools/gnu_gcc/arm_gcc/mingw/bin/../lib/gcc/arm-none-eabi/5.4.1/../../../../arm-none-eabi/lib/armv7e-m/fpu\libc.a(lib_a-__call_atexit.o)
 .text.atexit   0x0800b230        0xc c:/myprogram/rt_thread/env/tools/gnu_gcc/arm_gcc/mingw/bin/../lib/gcc/arm-none-eabi/5.4.1/../../../../arm-none-eabi/lib/armv7e-m/fpu\libc.a(lib_a-atexit.o)
                0x0800b230                atexit
 .text.__libc_fini_array
                0x0800b23c       0x28 c:/myprogram/rt_thread/env/tools/gnu_gcc/arm_gcc/mingw/bin/../lib/gcc/arm-none-eabi/5.4.1/../../../../arm-none-eabi/lib/armv7e-m/fpu\libc.a(lib_a-fini.o)
                0x0800b23c                __libc_fini_array
 .text.__register_exitproc
                0x0800b264       0xa4 c:/myprogram/rt_thread/env/tools/gnu_gcc/arm_gcc/mingw/bin/../lib/gcc/arm-none-eabi/5.4.1/../../../../arm-none-eabi/lib/armv7e-m/fpu\libc.a(lib_a-__atexit.o)
                0x0800b264                __register_exitproc
 *(.rodata)
 .rodata        0x0800b308        0xe build\board\board.o
 *fill*         0x0800b316        0x2 00000000
 .rodata        0x0800b318       0x17 build\kernel\src\components.o
 *fill*         0x0800b32f        0x1 00000000
 .rodata        0x0800b330      0x10c build\kernel\src\device.o
 .rodata        0x0800b43c       0x34 build\kernel\src\idle.o
 .rodata        0x0800b470      0x476 build\kernel\src\ipc.o
 *fill*         0x0800b8e6        0x2 00000000
 .rodata        0x0800b8e8       0xc7 build\kernel\src\kservice.o
 *fill*         0x0800b9af        0x1 00000000
 .rodata        0x0800b9b0      0x2fa build\kernel\src\mem.o
 *fill*         0x0800bcaa        0x2 00000000
 .rodata        0x0800bcac       0x91 build\kernel\src\object.o
 *fill*         0x0800bd3d        0x3 00000000
 .rodata        0x0800bd40       0x65 build\kernel\src\scheduler.o
 *fill*         0x0800bda5        0x3 00000000
 .rodata        0x0800bda8      0x1b7 build\kernel\src\thread.o
 *fill*         0x0800bf5f        0x1 00000000
 .rodata        0x0800bf60       0xd7 build\kernel\src\timer.o
 *fill*         0x0800c037        0x1 00000000
 .rodata        0x0800c038      0x2ce build\kernel\libcpu\arm\cortex-m4\cpuport.o
 *fill*         0x0800c306        0x2 00000000
 .rodata        0x0800c308       0x27 build\kernel\components\drivers\misc\pin.o
 *fill*         0x0800c32f        0x1 00000000
 .rodata        0x0800c330      0x1a2 build\kernel\components\drivers\serial\serial.o
 *fill*         0x0800c4d2        0x2 00000000
 .rodata        0x0800c4d4       0x72 build\kernel\components\drivers\src\completion.o
 *fill*         0x0800c546        0x2 00000000
 .rodata        0x0800c548       0x64 build\kernel\components\drivers\src\dataqueue.o
 .rodata        0x0800c5ac       0x99 build\kernel\components\finsh\shell.o
 *fill*         0x0800c645        0x3 00000000
 .rodata        0x0800c648      0x631 build\kernel\components\finsh\cmd.o
 *fill*         0x0800cc79        0x3 00000000
 .rodata        0x0800cc7c       0x80 build\kernel\components\finsh\msh.o
 .rodata        0x0800ccfc        0x4 D:\IOT\rtthread-v4.0\rt-thread\bsp\stm32\libraries\HAL_Drivers\drv_gpio.o
 .rodata        0x0800cd00       0x5c D:\IOT\rtthread-v4.0\rt-thread\bsp\stm32\libraries\HAL_Drivers\drv_usart.o
 .rodata        0x0800cd5c        0x6 D:\IOT\rtthread-v4.0\rt-thread\bsp\stm32\libraries\HAL_Drivers\drv_common.o
 *(.rodata*)
 *fill*         0x0800cd62        0x2 00000000
 .rodata.__FUNCTION__.5306
                0x0800cd64       0x14 build\kernel\src\components.o
 .rodata.__FUNCTION__.5198
                0x0800cd78        0xf build\kernel\src\device.o
 *fill*         0x0800cd87        0x1 00000000
 .rodata.__FUNCTION__.5222
                0x0800cd88        0xf build\kernel\src\device.o
 *fill*         0x0800cd97        0x1 00000000
 .rodata.__FUNCTION__.5227
                0x0800cd98       0x10 build\kernel\src\device.o
 .rodata.__FUNCTION__.5234
                0x0800cda8        0xf build\kernel\src\device.o
 *fill*         0x0800cdb7        0x1 00000000
 .rodata.__FUNCTION__.5241
                0x0800cdb8       0x10 build\kernel\src\device.o
 .rodata.__FUNCTION__.5254
                0x0800cdc8       0x1a build\kernel\src\device.o
 *fill*         0x0800cde2        0x2 00000000
 .rodata.__FUNCTION__.5289
                0x0800cde4       0x16 build\kernel\src\idle.o
 *fill*         0x0800cdfa        0x2 00000000
 .rodata.__FUNCTION__.5294
                0x0800cdfc        0xc build\kernel\src\ipc.o
 .rodata.__FUNCTION__.5318
                0x0800ce08        0xc build\kernel\src\ipc.o
 .rodata.__FUNCTION__.5329
                0x0800ce14        0xf build\kernel\src\ipc.o
 *fill*         0x0800ce23        0x1 00000000
 .rodata.large_digits.5428
                0x0800ce24       0x11 build\kernel\src\kservice.o
 *fill*         0x0800ce35        0x3 00000000
 .rodata.small_digits.5427
                0x0800ce38       0x11 build\kernel\src\kservice.o
 *fill*         0x0800ce49        0x3 00000000
 .rodata.name   0x0800ce4c       0x2a build\kernel\src\mem.o
                0x0800ce4c                __fsym_list_mem_name
                0x0800ce58                __fsym_list_mem_desc
 *fill*         0x0800ce76        0x2 00000000
 .rodata.__FUNCTION__.5285
                0x0800ce78        0xb build\kernel\src\mem.o
 *fill*         0x0800ce83        0x1 00000000
 .rodata.__FUNCTION__.5294
                0x0800ce84       0x14 build\kernel\src\mem.o
 .rodata.__FUNCTION__.5303
                0x0800ce98        0xa build\kernel\src\mem.o
 *fill*         0x0800cea2        0x2 00000000
 .rodata.__FUNCTION__.5332
                0x0800cea4        0x8 build\kernel\src\mem.o
 .rodata.__FUNCTION__.5314
                0x0800ceac        0xf build\kernel\src\object.o
 *fill*         0x0800cebb        0x1 00000000
 .rodata.__FUNCTION__.5323
                0x0800cebc       0x11 build\kernel\src\object.o
 *fill*         0x0800cecd        0x3 00000000
 .rodata.__FUNCTION__.5332
                0x0800ced0       0x13 build\kernel\src\object.o
 *fill*         0x0800cee3        0x1 00000000
 .rodata.__FUNCTION__.5337
                0x0800cee4       0x11 build\kernel\src\object.o
 *fill*         0x0800cef5        0x3 00000000
 .rodata.__FUNCTION__.5341
                0x0800cef8       0x1a build\kernel\src\object.o
 *fill*         0x0800cf12        0x2 00000000
 .rodata.__FUNCTION__.5345
                0x0800cf14       0x13 build\kernel\src\object.o
 *fill*         0x0800cf27        0x1 00000000
 .rodata.__FUNCTION__.5272
                0x0800cf28       0x1a build\kernel\src\scheduler.o
 *fill*         0x0800cf42        0x2 00000000
 .rodata.__FUNCTION__.5313
                0x0800cf44       0x1a build\kernel\src\scheduler.o
 *fill*         0x0800cf5e        0x2 00000000
 .rodata.__FUNCTION__.5319
                0x0800cf60       0x1a build\kernel\src\scheduler.o
 *fill*         0x0800cf7a        0x2 00000000
 .rodata.__FUNCTION__.5289
                0x0800cf7c       0x10 build\kernel\src\thread.o
 .rodata.__FUNCTION__.5301
                0x0800cf8c        0xf build\kernel\src\thread.o
 *fill*         0x0800cf9b        0x1 00000000
 .rodata.__FUNCTION__.5310
                0x0800cf9c       0x12 build\kernel\src\thread.o
 *fill*         0x0800cfae        0x2 00000000
 .rodata.__FUNCTION__.5340
                0x0800cfb0       0x10 build\kernel\src\thread.o
 .rodata.__FUNCTION__.5372
                0x0800cfc0       0x12 build\kernel\src\thread.o
 *fill*         0x0800cfd2        0x2 00000000
 .rodata.__FUNCTION__.5377
                0x0800cfd4       0x11 build\kernel\src\thread.o
 *fill*         0x0800cfe5        0x3 00000000
 .rodata.__FUNCTION__.5382
                0x0800cfe8       0x12 build\kernel\src\thread.o
 *fill*         0x0800cffa        0x2 00000000
 .rodata.__FUNCTION__.5303
                0x0800cffc        0xe build\kernel\src\timer.o
 *fill*         0x0800d00a        0x2 00000000
 .rodata.__FUNCTION__.5308
                0x0800d00c       0x10 build\kernel\src\timer.o
 .rodata.__FUNCTION__.5332
                0x0800d01c        0xf build\kernel\src\timer.o
 *fill*         0x0800d02b        0x1 00000000
 .rodata.__FUNCTION__.5349
                0x0800d02c        0xe build\kernel\src\timer.o
 *fill*         0x0800d03a        0x2 00000000
 .rodata.__FUNCTION__.5355
                0x0800d03c       0x11 build\kernel\src\timer.o
 *fill*         0x0800d04d        0x3 00000000
 .rodata.name   0x0800d050       0x6e build\kernel\components\drivers\misc\pin.o
                0x0800d050                __fsym_pinMode_name
                0x0800d058                __fsym_pinMode_desc
                0x0800d070                __fsym_pinWrite_name
                0x0800d07c                __fsym_pinWrite_desc
                0x0800d098                __fsym_pinRead_name
                0x0800d0a0                __fsym_pinRead_desc
 *fill*         0x0800d0be        0x2 00000000
 .rodata.__FUNCTION__.5802
                0x0800d0c0        0xa build\kernel\components\drivers\misc\pin.o
 *fill*         0x0800d0ca        0x2 00000000
 .rodata.__FUNCTION__.5811
                0x0800d0cc        0xb build\kernel\components\drivers\misc\pin.o
 *fill*         0x0800d0d7        0x1 00000000
 .rodata.__FUNCTION__.5819
                0x0800d0d8        0xd build\kernel\components\drivers\misc\pin.o
 *fill*         0x0800d0e5        0x3 00000000
 .rodata.__FUNCTION__.5846
                0x0800d0e8        0xc build\kernel\components\drivers\misc\pin.o
 .rodata.__FUNCTION__.5854
                0x0800d0f4        0xd build\kernel\components\drivers\misc\pin.o
 *fill*         0x0800d101        0x3 00000000
 .rodata.__FUNCTION__.5861
                0x0800d104        0xc build\kernel\components\drivers\misc\pin.o
 .rodata.__FUNCTION__.5696
                0x0800d110       0x1d build\kernel\components\drivers\serial\serial.o
 *fill*         0x0800d12d        0x3 00000000
 .rodata.__FUNCTION__.5705
                0x0800d130       0x1d build\kernel\components\drivers\serial\serial.o
 *fill*         0x0800d14d        0x3 00000000
 .rodata.__FUNCTION__.5711
                0x0800d150       0x1d build\kernel\components\drivers\serial\serial.o
 *fill*         0x0800d16d        0x3 00000000
 .rodata.__FUNCTION__.5737
                0x0800d170        0xf build\kernel\components\drivers\serial\serial.o
 *fill*         0x0800d17f        0x1 00000000
 .rodata.__FUNCTION__.5744
                0x0800d180        0xf build\kernel\components\drivers\serial\serial.o
 *fill*         0x0800d18f        0x1 00000000
 .rodata.__FUNCTION__.5754
                0x0800d190       0x10 build\kernel\components\drivers\serial\serial.o
 .rodata.__FUNCTION__.5767
                0x0800d1a0        0xf build\kernel\components\drivers\serial\serial.o
 *fill*         0x0800d1af        0x1 00000000
 .rodata.__FUNCTION__.5671
                0x0800d1b0        0xf build\kernel\components\drivers\serial\serial.o
 *fill*         0x0800d1bf        0x1 00000000
 .rodata.__FUNCTION__.5718
                0x0800d1c0        0xf build\kernel\components\drivers\serial\serial.o
 *fill*         0x0800d1cf        0x1 00000000
 .rodata.__FUNCTION__.5650
                0x0800d1d0       0x10 build\kernel\components\drivers\serial\serial.o
 .rodata.__FUNCTION__.5775
                0x0800d1e0       0x10 build\kernel\components\drivers\serial\serial.o
 .rodata.__FUNCTION__.5684
                0x0800d1f0        0xf build\kernel\components\drivers\serial\serial.o
 *fill*         0x0800d1ff        0x1 00000000
 .rodata.__FUNCTION__.5660
                0x0800d200       0x10 build\kernel\components\drivers\serial\serial.o
 .rodata.__FUNCTION__.5783
                0x0800d210       0x12 build\kernel\components\drivers\serial\serial.o
 *fill*         0x0800d222        0x2 00000000
 .rodata.__FUNCTION__.5798
                0x0800d224       0x16 build\kernel\components\drivers\serial\serial.o
 *fill*         0x0800d23a        0x2 00000000
 .rodata.__FUNCTION__.5807
                0x0800d23c       0x11 build\kernel\components\drivers\serial\serial.o
 *fill*         0x0800d24d        0x3 00000000
 .rodata.__FUNCTION__.5647
                0x0800d250       0x13 build\kernel\components\drivers\src\completion.o
 *fill*         0x0800d263        0x1 00000000
 .rodata.__FUNCTION__.5655
                0x0800d264       0x13 build\kernel\components\drivers\src\completion.o
 *fill*         0x0800d277        0x1 00000000
 .rodata.__FUNCTION__.5662
                0x0800d278       0x13 build\kernel\components\drivers\src\completion.o
 *fill*         0x0800d28b        0x1 00000000
 .rodata.__FUNCTION__.5653
                0x0800d28c       0x13 build\kernel\components\drivers\src\dataqueue.o
 *fill*         0x0800d29f        0x1 00000000
 .rodata.__FUNCTION__.5663
                0x0800d2a0       0x13 build\kernel\components\drivers\src\dataqueue.o
 *fill*         0x0800d2b3        0x1 00000000
 .rodata.__FUNCTION__.5678
                0x0800d2b4       0x12 build\kernel\components\drivers\src\dataqueue.o
 *fill*         0x0800d2c6        0x2 00000000
 .rodata.__FUNCTION__.5690
                0x0800d2c8       0x13 build\kernel\components\drivers\src\dataqueue.o
 *fill*         0x0800d2db        0x1 00000000
 .rodata.__FUNCTION__.5545
                0x0800d2dc       0x16 build\kernel\components\finsh\shell.o
 *fill*         0x0800d2f2        0x2 00000000
 .rodata.__FUNCTION__.5550
                0x0800d2f4        0xe build\kernel\components\finsh\shell.o
 *fill*         0x0800d302        0x2 00000000
 .rodata.__FUNCTION__.5558
                0x0800d304        0xd build\kernel\components\finsh\shell.o
 *fill*         0x0800d311        0x3 00000000
 .rodata.__FUNCTION__.5563
                0x0800d314       0x11 build\kernel\components\finsh\shell.o
 *fill*         0x0800d325        0x3 00000000
 .rodata.name   0x0800d328      0x37a build\kernel\components\finsh\cmd.o
                0x0800d328                __fsym_hello_name
                0x0800d330                __fsym_hello_desc
                0x0800d340                __fsym_version_name
                0x0800d348                __fsym_version_desc
                0x0800d36c                __fsym___cmd_version_name
                0x0800d37c                __fsym___cmd_version_desc
                0x0800d3a0                __fsym_list_thread_name
                0x0800d3ac                __fsym_list_thread_desc
                0x0800d3b8                __fsym___cmd_list_thread_name
                0x0800d3cc                __fsym___cmd_list_thread_desc
                0x0800d3d8                __fsym_list_sem_name
                0x0800d3e4                __fsym_list_sem_desc
                0x0800d400                __fsym___cmd_list_sem_name
                0x0800d410                __fsym___cmd_list_sem_desc
                0x0800d42c                __fsym_list_event_name
                0x0800d438                __fsym_list_event_desc
                0x0800d450                __fsym___cmd_list_event_name
                0x0800d464                __fsym___cmd_list_event_desc
                0x0800d47c                __fsym_list_mutex_name
                0x0800d488                __fsym_list_mutex_desc
                0x0800d4a0                __fsym___cmd_list_mutex_name
                0x0800d4b4                __fsym___cmd_list_mutex_desc
                0x0800d4cc                __fsym_list_mailbox_name
                0x0800d4dc                __fsym_list_mailbox_desc
                0x0800d4f4                __fsym___cmd_list_mailbox_name
                0x0800d508                __fsym___cmd_list_mailbox_desc
                0x0800d520                __fsym_list_msgqueue_name
                0x0800d530                __fsym_list_msgqueue_desc
                0x0800d550                __fsym___cmd_list_msgqueue_name
                0x0800d564                __fsym___cmd_list_msgqueue_desc
                0x0800d584                __fsym_list_mempool_name
                0x0800d594                __fsym_list_mempool_desc
                0x0800d5b0                __fsym___cmd_list_mempool_name
                0x0800d5c4                __fsym___cmd_list_mempool_desc
                0x0800d5e0                __fsym_list_timer_name
                0x0800d5ec                __fsym_list_timer_desc
                0x0800d604                __fsym___cmd_list_timer_name
                0x0800d618                __fsym___cmd_list_timer_desc
                0x0800d630                __fsym_list_device_name
                0x0800d63c                __fsym_list_device_desc
                0x0800d654                __fsym___cmd_list_device_name
                0x0800d668                __fsym___cmd_list_device_desc
                0x0800d680                __fsym_list_name
                0x0800d688                __fsym_list_desc
 *fill*         0x0800d6a2        0x2 00000000
 .rodata.device_type_str
                0x0800d6a4       0x58 build\kernel\components\finsh\cmd.o
 .rodata.name   0x0800d6fc       0x7d build\kernel\components\finsh\msh.o
                0x0800d6fc                __fsym___cmd_help_name
                0x0800d708                __fsym___cmd_help_desc
                0x0800d720                __fsym___cmd_ps_name
                0x0800d72c                __fsym___cmd_ps_desc
                0x0800d748                __fsym___cmd_free_name
                0x0800d754                __fsym___cmd_free_desc
 *fill*         0x0800d779        0x3 00000000
 .rodata.__FUNCTION__.5539
                0x0800d77c        0xe build\kernel\components\finsh\msh.o
 *fill*         0x0800d78a        0x2 00000000
 .rodata.AHBPrescTable
                0x0800d78c       0x10 D:\IOT\rtthread-v4.0\rt-thread\bsp\stm32\libraries\STM32F4xx_HAL\CMSIS\Device\ST\STM32F4xx\Source\Templates\system_stm32f4xx.o
                0x0800d78c                AHBPrescTable
 .rodata.APBPrescTable
                0x0800d79c        0x8 D:\IOT\rtthread-v4.0\rt-thread\bsp\stm32\libraries\STM32F4xx_HAL\CMSIS\Device\ST\STM32F4xx\Source\Templates\system_stm32f4xx.o
                0x0800d79c                APBPrescTable
 .rodata.flagBitshiftOffset.7460
                0x0800d7a4        0x8 D:\IOT\rtthread-v4.0\rt-thread\bsp\stm32\libraries\STM32F4xx_HAL\STM32F4xx_HAL_Driver\Src\stm32f4xx_hal_dma.o
 .rodata.pins   0x0800d7ac      0x6c0 D:\IOT\rtthread-v4.0\rt-thread\bsp\stm32\libraries\HAL_Drivers\drv_gpio.o
 .rodata.pin_irq_map
                0x0800de6c       0x40 D:\IOT\rtthread-v4.0\rt-thread\bsp\stm32\libraries\HAL_Drivers\drv_gpio.o
 .rodata._stm32_pin_ops
                0x0800deac       0x18 D:\IOT\rtthread-v4.0\rt-thread\bsp\stm32\libraries\HAL_Drivers\drv_gpio.o
 .rodata.stm32_uart_ops
                0x0800dec4       0x14 D:\IOT\rtthread-v4.0\rt-thread\bsp\stm32\libraries\HAL_Drivers\drv_usart.o
 .rodata.__FUNCTION__.7855
                0x0800ded8       0x10 D:\IOT\rtthread-v4.0\rt-thread\bsp\stm32\libraries\HAL_Drivers\drv_usart.o
 .rodata.__FUNCTION__.7876
                0x0800dee8        0xe D:\IOT\rtthread-v4.0\rt-thread\bsp\stm32\libraries\HAL_Drivers\drv_usart.o
 *fill*         0x0800def6        0x2 00000000
 .rodata.__FUNCTION__.7886
                0x0800def8        0xb D:\IOT\rtthread-v4.0\rt-thread\bsp\stm32\libraries\HAL_Drivers\drv_usart.o
 *fill*         0x0800df03        0x1 00000000
 .rodata.__FUNCTION__.7895
                0x0800df04        0xb D:\IOT\rtthread-v4.0\rt-thread\bsp\stm32\libraries\HAL_Drivers\drv_usart.o
 *fill*         0x0800df0f        0x1 00000000
 .rodata.__FUNCTION__.7903
                0x0800df10       0x13 D:\IOT\rtthread-v4.0\rt-thread\bsp\stm32\libraries\HAL_Drivers\drv_usart.o
 *fill*         0x0800df23        0x1 00000000
 .rodata.__FUNCTION__.7912
                0x0800df24        0x9 D:\IOT\rtthread-v4.0\rt-thread\bsp\stm32\libraries\HAL_Drivers\drv_usart.o
 *fill*         0x0800df2d        0x3 00000000
 .rodata.__FUNCTION__.7925
                0x0800df30        0x8 D:\IOT\rtthread-v4.0\rt-thread\bsp\stm32\libraries\HAL_Drivers\drv_usart.o
 .rodata.__FUNCTION__.7937
                0x0800df38       0x11 D:\IOT\rtthread-v4.0\rt-thread\bsp\stm32\libraries\HAL_Drivers\drv_usart.o
 *fill*         0x0800df49        0x3 00000000
 .rodata.__FUNCTION__.7942
                0x0800df4c       0x17 D:\IOT\rtthread-v4.0\rt-thread\bsp\stm32\libraries\HAL_Drivers\drv_usart.o
 *fill*         0x0800df63        0x1 00000000
 .rodata.__FUNCTION__.7948
                0x0800df64       0x18 D:\IOT\rtthread-v4.0\rt-thread\bsp\stm32\libraries\HAL_Drivers\drv_usart.o
 .rodata.__FUNCTION__.7953
                0x0800df7c       0x1c D:\IOT\rtthread-v4.0\rt-thread\bsp\stm32\libraries\HAL_Drivers\drv_usart.o
 .rodata.__FUNCTION__.7958
                0x0800df98       0x18 D:\IOT\rtthread-v4.0\rt-thread\bsp\stm32\libraries\HAL_Drivers\drv_usart.o
 .rodata.__FUNCTION__.7969
                0x0800dfb0       0x11 D:\IOT\rtthread-v4.0\rt-thread\bsp\stm32\libraries\HAL_Drivers\drv_usart.o
 *fill*         0x0800dfc1        0x3 00000000
 .rodata.name   0x0800dfc4       0x1e D:\IOT\rtthread-v4.0\rt-thread\bsp\stm32\libraries\HAL_Drivers\drv_common.o
                0x0800dfc4                __fsym___cmd_reboot_name
                0x0800dfd4                __fsym___cmd_reboot_desc
 *fill*         0x0800dfe2        0x2 00000000
 .rodata._global_impure_ptr
                0x0800dfe4        0x4 c:/myprogram/rt_thread/env/tools/gnu_gcc/arm_gcc/mingw/bin/../lib/gcc/arm-none-eabi/5.4.1/../../../../arm-none-eabi/lib/armv7e-m/fpu\libc.a(lib_a-impure.o)
                0x0800dfe4                _global_impure_ptr
 *(.glue_7)
 .glue_7        0x0800dfe8        0x0 linker stubs
 *(.glue_7t)
 .glue_7t       0x0800dfe8        0x0 linker stubs
 *(.gnu.linkonce.t*)
                0x0800dfe8                . = ALIGN (0x4)
                0x0800dfe8                __fsymtab_start = .
 *(FSymTab)
 FSymTab        0x0800dfe8        0xc build\kernel\src\mem.o
                0x0800dfe8                __fsym_list_mem
 FSymTab        0x0800dff4       0x24 build\kernel\components\drivers\misc\pin.o
                0x0800dff4                __fsym_pinMode
                0x0800e000                __fsym_pinWrite
                0x0800e00c                __fsym_pinRead
 FSymTab        0x0800e018      0x108 build\kernel\components\finsh\cmd.o
                0x0800e018                __fsym_hello
                0x0800e024                __fsym_version
                0x0800e030                __fsym___cmd_version
                0x0800e03c                __fsym_list_thread
                0x0800e048                __fsym___cmd_list_thread
                0x0800e054                __fsym_list_sem
                0x0800e060                __fsym___cmd_list_sem
                0x0800e06c                __fsym_list_event
                0x0800e078                __fsym___cmd_list_event
                0x0800e084                __fsym_list_mutex
                0x0800e090                __fsym___cmd_list_mutex
                0x0800e09c                __fsym_list_mailbox
                0x0800e0a8                __fsym___cmd_list_mailbox
                0x0800e0b4                __fsym_list_msgqueue
                0x0800e0c0                __fsym___cmd_list_msgqueue
                0x0800e0cc                __fsym_list_mempool
                0x0800e0d8                __fsym___cmd_list_mempool
                0x0800e0e4                __fsym_list_timer
                0x0800e0f0                __fsym___cmd_list_timer
                0x0800e0fc                __fsym_list_device
                0x0800e108                __fsym___cmd_list_device
                0x0800e114                __fsym_list
 FSymTab        0x0800e120       0x24 build\kernel\components\finsh\msh.o
                0x0800e120                __fsym___cmd_help
                0x0800e12c                __fsym___cmd_ps
                0x0800e138                __fsym___cmd_free
 FSymTab        0x0800e144        0xc D:\IOT\rtthread-v4.0\rt-thread\bsp\stm32\libraries\HAL_Drivers\drv_common.o
                0x0800e144                __fsym___cmd_reboot
                0x0800e150                __fsymtab_end = .
                0x0800e150                . = ALIGN (0x4)
                0x0800e150                __vsymtab_start = .
 *(VSymTab)
                0x0800e150                __vsymtab_end = .
                0x0800e150                . = ALIGN (0x4)
                0x0800e150                __rt_init_start = .
 *(SORT(.rti_fn*))
 .rti_fn.0      0x0800e150        0x4 build\kernel\src\components.o
                0x0800e150                __rt_init_rti_start
 .rti_fn.0.end  0x0800e154        0x4 build\kernel\src\components.o
                0x0800e154                __rt_init_rti_board_start
 .rti_fn.1.end  0x0800e158        0x4 build\kernel\src\components.o
                0x0800e158                __rt_init_rti_board_end
 .rti_fn.6      0x0800e15c        0x4 build\kernel\components\finsh\shell.o
                0x0800e15c                __rt_init_finsh_system_init
 .rti_fn.6.end  0x0800e160        0x4 build\kernel\src\components.o
                0x0800e160                __rt_init_rti_end
                0x0800e164                __rt_init_end = .
                0x0800e164                . = ALIGN (0x4)
                [!provide]                PROVIDE (__ctors_start__, .)
 *(SORT(.init_array.*))
 .init_array.00000
                0x0800e164        0x4 c:/myprogram/rt_thread/env/tools/gnu_gcc/arm_gcc/mingw/bin/../lib/gcc/arm-none-eabi/5.4.1/../../../../arm-none-eabi/lib/armv7e-m/fpu\libc.a(lib_a-__call_atexit.o)
 *(.init_array)
 .init_array    0x0800e168        0x4 c:/myprogram/rt_thread/env/tools/gnu_gcc/arm_gcc/mingw/bin/../lib/gcc/arm-none-eabi/5.4.1/armv7e-m/fpu/crtbegin.o
                [!provide]                PROVIDE (__ctors_end__, .)
                0x0800e16c                . = ALIGN (0x4)
                0x0800e16c                _etext = .
                0x0800e16c                __exidx_start = .

.vfp11_veneer   0x0800e16c        0x0
 .vfp11_veneer  0x0800e16c        0x0 linker stubs

.v4_bx          0x0800e16c        0x0
 .v4_bx         0x0800e16c        0x0 linker stubs

.init           0x0800e16c        0x4
 .init          0x0800e16c        0x4 c:/myprogram/rt_thread/env/tools/gnu_gcc/arm_gcc/mingw/bin/../lib/gcc/arm-none-eabi/5.4.1/armv7e-m/fpu/crti.o
                0x0800e16c                _init

.fini           0x0800e170        0x4
 .fini          0x0800e170        0x4 c:/myprogram/rt_thread/env/tools/gnu_gcc/arm_gcc/mingw/bin/../lib/gcc/arm-none-eabi/5.4.1/armv7e-m/fpu/crti.o
                0x0800e170                _fini

.iplt           0x0800e174        0x0
 .iplt          0x0800e174        0x0 c:/myprogram/rt_thread/env/tools/gnu_gcc/arm_gcc/mingw/bin/../lib/gcc/arm-none-eabi/5.4.1/armv7e-m/fpu/crtbegin.o

.eh_frame       0x0800e174        0x0
 .eh_frame      0x0800e174        0x0 c:/myprogram/rt_thread/env/tools/gnu_gcc/arm_gcc/mingw/bin/../lib/gcc/arm-none-eabi/5.4.1/armv7e-m/fpu/crtbegin.o

.ARM.exidx      0x0800e174        0x8
 *(.ARM.exidx* .gnu.linkonce.armexidx.*)
 .ARM.exidx     0x0800e174        0x8 c:/myprogram/rt_thread/env/tools/gnu_gcc/arm_gcc/mingw/bin/../lib/gcc/arm-none-eabi/5.4.1/armv7e-m/fpu\libgcc.a(_udivmoddi4.o)
                0x0800e17c                _sidata = .
                0x0800e17c                __exidx_end = .

.rel.dyn        0x0800e17c        0x0
 .rel.iplt      0x0800e17c        0x0 c:/myprogram/rt_thread/env/tools/gnu_gcc/arm_gcc/mingw/bin/../lib/gcc/arm-none-eabi/5.4.1/armv7e-m/fpu/crtbegin.o

.data           0x20000000      0x598 load address 0x0800e17c
                0x20000000                . = ALIGN (0x4)
                0x20000000                _sdata = .
 *(.data)
 *(.data.*)
 .data.rt_object_container
                0x20000000       0x90 build\kernel\src\object.o
 .data.SystemCoreClock
                0x20000090        0x4 D:\IOT\rtthread-v4.0\rt-thread\bsp\stm32\libraries\STM32F4xx_HAL\CMSIS\Device\ST\STM32F4xx\Source\Templates\system_stm32f4xx.o
                0x20000090                SystemCoreClock
 .data.uwTickFreq
                0x20000094        0x1 D:\IOT\rtthread-v4.0\rt-thread\bsp\stm32\libraries\STM32F4xx_HAL\STM32F4xx_HAL_Driver\Src\stm32f4xx_hal.o
                0x20000094                uwTickFreq
 *fill*         0x20000095        0x3 
 .data.pin_irq_hdr_tab
                0x20000098       0xc0 D:\IOT\rtthread-v4.0\rt-thread\bsp\stm32\libraries\HAL_Drivers\drv_gpio.o
 .data.uart_config
                0x20000158       0x14 D:\IOT\rtthread-v4.0\rt-thread\bsp\stm32\libraries\HAL_Drivers\drv_usart.o
 *fill*         0x2000016c        0x4 
 .data.impure_data
                0x20000170      0x428 c:/myprogram/rt_thread/env/tools/gnu_gcc/arm_gcc/mingw/bin/../lib/gcc/arm-none-eabi/5.4.1/../../../../arm-none-eabi/lib/armv7e-m/fpu\libc.a(lib_a-impure.o)
 *(.gnu.linkonce.d*)
                0x20000598                . = ALIGN (0x4)
                0x20000598                _edata = .

.jcr            0x20000598        0x0 load address 0x0800e714
 .jcr           0x20000598        0x0 c:/myprogram/rt_thread/env/tools/gnu_gcc/arm_gcc/mingw/bin/../lib/gcc/arm-none-eabi/5.4.1/armv7e-m/fpu/crtbegin.o

.igot.plt       0x20000598        0x0 load address 0x0800e714
 .igot.plt      0x20000598        0x0 c:/myprogram/rt_thread/env/tools/gnu_gcc/arm_gcc/mingw/bin/../lib/gcc/arm-none-eabi/5.4.1/armv7e-m/fpu/crtbegin.o

.stack          0x20000598      0x200 load address 0x0800e714
                0x20000598                . = ALIGN (0x4)
                0x20000598                _sstack = .
                0x20000798                . = (. + _system_stack_size)
 *fill*         0x20000598      0x200 
                0x20000798                . = ALIGN (0x4)
                0x20000798                _estack = .
                0x20000798                __bss_start = .

.bss            0x20000798      0x634 load address 0x0800e914
                0x20000798                . = ALIGN (0x4)
                0x20000798                _sbss = .
 *(.bss)
 .bss           0x20000798       0x1c c:/myprogram/rt_thread/env/tools/gnu_gcc/arm_gcc/mingw/bin/../lib/gcc/arm-none-eabi/5.4.1/armv7e-m/fpu/crtbegin.o
 *(.bss.*)
 .bss.rt_tick   0x200007b4        0x4 build\kernel\src\clock.o
 .bss.idle      0x200007b8       0x80 build\kernel\src\idle.o
 .bss.rt_thread_stack
                0x20000838      0x100 build\kernel\src\idle.o
 .bss.idle_hook_list
                0x20000938       0x10 build\kernel\src\idle.o
 .bss.rt_interrupt_enter_hook
                0x20000948        0x4 build\kernel\src\irq.o
 .bss.rt_interrupt_leave_hook
                0x2000094c        0x4 build\kernel\src\irq.o
 .bss.rt_interrupt_nest
                0x20000950        0x1 build\kernel\src\irq.o
                0x20000950                rt_interrupt_nest
 *fill*         0x20000951        0x3 
 .bss.__rt_errno
                0x20000954        0x4 build\kernel\src\kservice.o
 .bss._console_device
                0x20000958        0x4 build\kernel\src\kservice.o
 .bss.rt_log_buf.5538
                0x2000095c       0x80 build\kernel\src\kservice.o
 .bss.rt_malloc_hook
                0x200009dc        0x4 build\kernel\src\mem.o
 .bss.rt_free_hook
                0x200009e0        0x4 build\kernel\src\mem.o
 .bss.heap_ptr  0x200009e4        0x4 build\kernel\src\mem.o
 .bss.heap_end  0x200009e8        0x4 build\kernel\src\mem.o
 .bss.lfree     0x200009ec        0x4 build\kernel\src\mem.o
 .bss.heap_sem  0x200009f0       0x20 build\kernel\src\mem.o
 .bss.mem_size_aligned
                0x20000a10        0x4 build\kernel\src\mem.o
 .bss.used_mem  0x20000a14        0x4 build\kernel\src\mem.o
 .bss.max_mem   0x20000a18        0x4 build\kernel\src\mem.o
 .bss.rt_object_attach_hook
                0x20000a1c        0x4 build\kernel\src\object.o
 .bss.rt_object_detach_hook
                0x20000a20        0x4 build\kernel\src\object.o
 .bss.rt_scheduler_lock_nest
                0x20000a24        0x2 build\kernel\src\scheduler.o
 *fill*         0x20000a26        0x2 
 .bss.rt_scheduler_hook
                0x20000a28        0x4 build\kernel\src\scheduler.o
 .bss.rt_thread_suspend_hook
                0x20000a2c        0x4 build\kernel\src\thread.o
 .bss.rt_thread_resume_hook
                0x20000a30        0x4 build\kernel\src\thread.o
 .bss.rt_thread_inited_hook
                0x20000a34        0x4 build\kernel\src\thread.o
 .bss.rt_timer_list
                0x20000a38        0x8 build\kernel\src\timer.o
 .bss.rt_timer_enter_hook
                0x20000a40        0x4 build\kernel\src\timer.o
 .bss.rt_timer_exit_hook
                0x20000a44        0x4 build\kernel\src\timer.o
 .bss.random_nr.5331
                0x20000a48        0x4 build\kernel\src\timer.o
 .bss.rt_exception_hook
                0x20000a4c        0x4 build\kernel\libcpu\arm\cortex-m4\cpuport.o
 .bss._hw_pin   0x20000a50       0x44 build\kernel\components\drivers\misc\pin.o
 .bss.already_output.5691
                0x20000a94        0x4 build\kernel\components\drivers\serial\serial.o
 .bss._syscall_table_begin
                0x20000a98        0x4 build\kernel\components\finsh\shell.o
                0x20000a98                _syscall_table_begin
 .bss._syscall_table_end
                0x20000a9c        0x4 build\kernel\components\finsh\shell.o
                0x20000a9c                _syscall_table_end
 .bss._sysvar_table_begin
                0x20000aa0        0x4 build\kernel\components\finsh\shell.o
                0x20000aa0                _sysvar_table_begin
 .bss._sysvar_table_end
                0x20000aa4        0x4 build\kernel\components\finsh\shell.o
                0x20000aa4                _sysvar_table_end
 .bss.finsh_prompt_custom
                0x20000aa8        0x4 build\kernel\components\finsh\shell.o
 .bss.finsh_prompt.5537
                0x20000aac       0x81 build\kernel\components\finsh\shell.o
 *fill*         0x20000b2d        0x3 
 .bss.pin_irq_enable_mask
                0x20000b30        0x4 D:\IOT\rtthread-v4.0\rt-thread\bsp\stm32\libraries\HAL_Drivers\drv_gpio.o
 .bss.uart_obj  0x20000b34      0x160 D:\IOT\rtthread-v4.0\rt-thread\bsp\stm32\libraries\HAL_Drivers\drv_usart.o
 *(COMMON)
 COMMON         0x20000c94        0x4 build\kernel\src\kservice.o
                0x20000c94                rt_assert_hook
 COMMON         0x20000c98        0xc build\kernel\src\object.o
                0x20000c98                rt_object_put_hook
                0x20000c9c                rt_object_take_hook
                0x20000ca0                rt_object_trytake_hook
 COMMON         0x20000ca4      0x114 build\kernel\src\scheduler.o
                0x20000ca4                rt_thread_priority_table
                0x20000da4                rt_current_priority
                0x20000da8                rt_current_thread
                0x20000dac                rt_thread_ready_priority_group
                0x20000db0                rt_thread_defunct
 COMMON         0x20000db8        0xc build\kernel\libcpu\arm\cortex-m4\cpuport.o
                0x20000db8                rt_interrupt_to_thread
                0x20000dbc                rt_interrupt_from_thread